

Version Information:
 
--------------------------------------------------------
  Microsoft OCS Rack Manager software version summary
 
  Package version    : 1.1.18.3
 
  Rootfs version     : 1.1.18.3
  U-Boot version     : 1.1.5.1
  Kernel version     : 1.1.18.3
  Devicetree version : 1.1.18.3
 
  PRU FW version     : 0.16
 
--------------------------------------------------------
 


Network Interfaces:
# /etc/network/interfaces -- configuration file for ifup(8), ifdown(8)
 
# The loopback interface
auto lo
iface lo inet loopback

# Wired or wireless interfaces
iface eth0 inet static
	address 10.10.10.100
	netmask 255.255.255.0
	gateway 10.10.10.101

# BMC Mgmt SW port 25
iface eth1 inet static
	address 172.17.0.202
	netmask 255.255.255.252
	up /sbin/ip route add 172.17.0.0/24 via 172.17.0.201 || true


Network Interfaces Configuration:
eth0      Link encap:Ethernet  HWaddr f0:1d:bc:fd:21:2c  
          inet addr:10.10.10.100  Bcast:10.10.10.255  Mask:255.255.255.0
          inet6 addr: fe80::f21d:bcff:fefd:212c/64 Scope:Link
          UP BROADCAST RUNNING MULTICAST  MTU:1500  Metric:1
          RX packets:108590 errors:0 dropped:0 overruns:0 frame:0
          TX packets:132850 errors:0 dropped:0 overruns:0 carrier:0
          collisions:0 txqueuelen:1000 
          RX bytes:15562216 (14.8 MiB)  TX bytes:54416348 (51.8 MiB)
          Interrupt:47 

eth1      Link encap:Ethernet  HWaddr f0:1d:bc:fd:21:2d  
          inet addr:172.17.0.202  Bcast:172.17.0.203  Mask:255.255.255.252
          inet6 addr: fe80::f21d:bcff:fefd:212d/64 Scope:Link
          UP BROADCAST RUNNING MULTICAST  MTU:1500  Metric:1
          RX packets:12548439 errors:0 dropped:0 overruns:0 frame:0
          TX packets:12455869 errors:0 dropped:0 overruns:0 carrier:0
          collisions:0 txqueuelen:1000 
          RX bytes:1038520464 (990.4 MiB)  TX bytes:851664084 (812.2 MiB)

lo        Link encap:Local Loopback  
          inet addr:127.0.0.1  Mask:255.0.0.0
          inet6 addr: ::1/128 Scope:Host
          UP LOOPBACK RUNNING  MTU:65536  Metric:1
          RX packets:2 errors:0 dropped:0 overruns:0 frame:0
          TX packets:2 errors:0 dropped:0 overruns:0 carrier:0
          collisions:0 txqueuelen:1 
          RX bytes:140 (140.0 B)  TX bytes:140 (140.0 B)


Kernel Debug Messages:
[    0.000000] Booting Linux on physical CPU 0x0
[    0.000000] Initializing cgroup subsys cpu
[    0.000000] Initializing cgroup subsys cpuacct
[    0.000000] Linux version 4.4.57-MS_OCS_RM_1.1.18.3-ga5602579fd (prvelpur1035@prvelpur1035) (gcc version 5.3.0 (GCC) ) #1 PREEMPT Fri Jul 17 14:19:32 PDT 2020
[    0.000000] CPU: ARMv7 Processor [412fc09a] revision 10 (ARMv7), cr=10c53c7d
[    0.000000] CPU: PIPT / VIPT nonaliasing data cache, VIPT aliasing instruction cache
[    0.000000] Machine model: MS_OCS_RM_1.1.18.3
[    0.000000] cma: Reserved 48 MiB at 0xbd000000
[    0.000000] Memory policy: Data cache writeback
[    0.000000] On node 0 totalpages: 262144
[    0.000000] free_area_init_node: node 0, pgdat c08c15d8, node_mem_map ef6f9000
[    0.000000]   Normal zone: 1728 pages used for memmap
[    0.000000]   Normal zone: 0 pages reserved
[    0.000000]   Normal zone: 196608 pages, LIFO batch:31
[    0.000000]   HighMem zone: 65536 pages, LIFO batch:15
[    0.000000] CPU: All CPU(s) started in SVC mode.
[    0.000000] AM437x ES1.2 (neon )
[    0.000000] pcpu-alloc: s0 r0 d32768 u32768 alloc=1*32768
[    0.000000] pcpu-alloc: [0] 0 
[    0.000000] Built 1 zonelists in Zone order, mobility grouping on.  Total pages: 260416
[    0.000000] Kernel command line: console=ttyO1,115200n8 bootmedium=QSPI serverip= msocsbootver=-MS_OCS_RM_1.1.5.1 fwup=active bootsrc=NORMAL root=/dev/mtdblock5 ro verity=/dev/mtdblock4 rootfstype=squashfs rootwait=1 verity_disable=0 verity_version=1 verity_blocks=7113 verity_data_block=4096 verity_hash_block=4096 verity_algo=sha256 verity_salt=c4303dfc131f168ab5f884860ae53517da80221ba22c355e3db6000fa1ee8187 verity_root_hash=414e76d9ff8cb4cc7b1ce7b35cfc2e79d4b1999c1ea1d947f59bc4f4a6ae1b5d
[    0.000000] PID hash table entries: 4096 (order: 2, 16384 bytes)
[    0.000000] Dentry cache hash table entries: 131072 (order: 7, 524288 bytes)
[    0.000000] Inode-cache hash table entries: 65536 (order: 6, 262144 bytes)
[    0.000000] Memory: 975680K/1048576K available (6215K kernel code, 326K rwdata, 2140K rodata, 256K init, 256K bss, 23744K reserved, 49152K cma-reserved, 212992K highmem)
[    0.000000] Virtual kernel memory layout:
[    0.000000]     vector  : 0xffff0000 - 0xffff1000   (   4 kB)
[    0.000000]     fixmap  : 0xffc00000 - 0xfff00000   (3072 kB)
[    0.000000]     vmalloc : 0xf0800000 - 0xff800000   ( 240 MB)
[    0.000000]     lowmem  : 0xc0000000 - 0xf0000000   ( 768 MB)
[    0.000000]     pkmap   : 0xbfe00000 - 0xc0000000   (   2 MB)
[    0.000000]     modules : 0xbf000000 - 0xbfe00000   (  14 MB)
[    0.000000]       .text : 0xc0008000 - 0xc0831004   (8357 kB)
[    0.000000]       .init : 0xc0832000 - 0xc0872000   ( 256 kB)
[    0.000000]       .data : 0xc0872000 - 0xc08c3958   ( 327 kB)
[    0.000000]        .bss : 0xc08c3958 - 0xc0903b60   ( 257 kB)
[    0.000000] SLUB: HWalign=64, Order=0-3, MinObjects=0, CPUs=1, Nodes=1
[    0.000000] Preemptible hierarchical RCU implementation.
[    0.000000] 	Build-time adjustment of leaf fanout to 32.
[    0.000000] NR_IRQS:16 nr_irqs:16 16
[    0.000000] L2C: platform modifies aux control register: 0x0e030000 -> 0x3e430000
[    0.000000] L2C: DT/platform modifies aux control register: 0x0e030000 -> 0x3e430000
[    0.000000] L2C-310 enabling early BRESP for Cortex-A9
[    0.000000] OMAP L2C310: ROM does not support power control setting
[    0.000000] L2C-310 dynamic clock gating disabled, standby mode disabled
[    0.000000] L2C-310 cache controller enabled, 16 ways, 256 kB
[    0.000000] L2C-310: CACHE_ID 0x410000c9, AUX_CTRL 0x4e430000
[    0.000000] OMAP clockevent source: timer2 at 24000000 Hz
[    0.000010] sched_clock: 32 bits at 24MHz, resolution 41ns, wraps every 89478484971ns
[    0.000026] clocksource: timer1: mask: 0xffffffff max_cycles: 0xffffffff, max_idle_ns: 79635851949 ns
[    0.000035] OMAP clocksource: timer1 at 24000000 Hz
[    0.000378] clocksource: 32k_counter: mask: 0xffffffff max_cycles: 0xffffffff, max_idle_ns: 58327039986419 ns
[    0.000388] OMAP clocksource: 32k_counter at 32768 Hz
[    0.000719] Console: colour dummy device 80x30
[    0.000750] WARNING: Your 'console=ttyO1' has been replaced by 'ttyS1'
[    0.000755] This ensures that you still see kernel messages. Please
[    0.000759] update your kernel commandline.
[    0.000775] Calibrating delay loop... 1987.37 BogoMIPS (lpj=9936896)
[    0.060160] pid_max: default: 32768 minimum: 301
[    0.060271] Mount-cache hash table entries: 2048 (order: 1, 8192 bytes)
[    0.060281] Mountpoint-cache hash table entries: 2048 (order: 1, 8192 bytes)
[    0.060938] Initializing cgroup subsys io
[    0.060966] Initializing cgroup subsys memory
[    0.061003] Initializing cgroup subsys devices
[    0.061015] Initializing cgroup subsys freezer
[    0.061028] Initializing cgroup subsys perf_event
[    0.061039] Initializing cgroup subsys pids
[    0.061067] CPU: Testing write buffer coherency: ok
[    0.061428] Setting up static identity map for 0x80008200 - 0x80008260
[    0.062793] devtmpfs: initialized
[    0.073109] VFP support v0.3: implementor 41 architecture 3 part 30 variant 9 rev 4
[    0.098532] omap_hwmod: adc1: _wait_target_disable failed
[    0.152685] clocksource: jiffies: mask: 0xffffffff max_cycles: 0xffffffff, max_idle_ns: 19112604462750000 ns
[    0.152712] futex hash table entries: 256 (order: -1, 3072 bytes)
[    0.156125] pinctrl core: initialized pinctrl subsystem
[    0.157279] NET: Registered protocol family 16
[    0.158720] DMA: preallocated 256 KiB pool for atomic coherent allocations
[    0.180172] cpuidle: using governor ladder
[    0.210162] cpuidle: using governor menu
[    0.212078] omap_l3_noc 44000000.ocp: L3 debug error: target 8 mod:0 (unclearable)
[    0.212135] omap_l3_noc 44000000.ocp: L3 application error: target 8 mod:0 (unclearable)
[    0.215465] omap_gpio 44e07000.gpio: could not find pctldev for node /ocp/l4_wkup@44c00000/scm@210000/pinmux@800/gpio0_pins, deferring probe
[    0.215693] omap_gpio 4804c000.gpio: could not find pctldev for node /ocp/l4_wkup@44c00000/scm@210000/pinmux@800/gpio1_pins, deferring probe
[    0.215915] omap_gpio 481ac000.gpio: could not find pctldev for node /ocp/l4_wkup@44c00000/scm@210000/pinmux@800/gpio2_pins, deferring probe
[    0.216125] omap_gpio 481ae000.gpio: could not find pctldev for node /ocp/l4_wkup@44c00000/scm@210000/pinmux@800/gpio3_pins, deferring probe
[    0.216327] omap_gpio 48320000.gpio: could not find pctldev for node /ocp/l4_wkup@44c00000/scm@210000/pinmux@800/gpio4_pins, deferring probe
[    0.216538] omap_gpio 48322000.gpio: could not find pctldev for node /ocp/l4_wkup@44c00000/scm@210000/pinmux@800/gpio5_pins, deferring probe
[    0.221376] hw-breakpoint: found 5 (+1 reserved) breakpoint and 1 watchpoint registers.
[    0.221392] hw-breakpoint: maximum watchpoint size is 4 bytes.
[    0.256328] edma 49000000.edma: TI EDMA DMA engine driver
[    0.256668] of_get_named_gpiod_flags: can't parse 'gpio' property of node '/fixedregulator-sd[0]'
[    0.258897] omap_i2c 44e0b000.i2c: could not find pctldev for node /ocp/l4_wkup@44c00000/scm@210000/pinmux@800/i2c0_pins, deferring probe
[    0.258946] omap_i2c 4802a000.i2c: could not find pctldev for node /ocp/l4_wkup@44c00000/scm@210000/pinmux@800/i2c1_pins, deferring probe
[    0.259053] pps_core: LinuxPPS API ver. 1 registered
[    0.259060] pps_core: Software ver. 5.3.6 - Copyright 2005-2007 Rodolfo Giometti <giometti@linux.it>
[    0.259087] PTP clock support registered
[    0.259151] EDAC MC: Ver: 3.0.0
[    0.260072] omap-mailbox 480c8000.mailbox: omap mailbox rev 0x400
[    0.261441] clocksource: Switched to clocksource timer1
[    0.269506] NET: Registered protocol family 2
[    0.270129] TCP established hash table entries: 8192 (order: 3, 32768 bytes)
[    0.270260] TCP bind hash table entries: 8192 (order: 3, 32768 bytes)
[    0.270335] TCP: Hash tables configured (established 8192 bind 8192)
[    0.270480] UDP hash table entries: 512 (order: 1, 8192 bytes)
[    0.270503] UDP-Lite hash table entries: 512 (order: 1, 8192 bytes)
[    0.270661] NET: Registered protocol family 1
[    0.271006] RPC: Registered named UNIX socket transport module.
[    0.271019] RPC: Registered udp transport module.
[    0.271025] RPC: Registered tcp transport module.
[    0.271030] RPC: Registered tcp NFSv4.1 backchannel transport module.
[    0.271062] PCI: CLS 0 bytes, default 64
[    0.271680] Unpacking initramfs...
[    0.568240] Freeing initrd memory: 4252K (cfbd9000 - d0000000)
[    0.576767] squashfs: version 4.0 (2009/01/31) Phillip Lougher
[    0.577392] NFS: Registering the id_resolver key type
[    0.577442] Key type id_resolver registered
[    0.577448] Key type id_legacy registered
[    0.577469] Installing knfsd (copyright (C) 1996 okir@monad.swb.de).
[    0.578112] ntfs: driver 2.1.32 [Flags: R/O].
[    0.578323] jffs2: version 2.2. (NAND) (SUMMARY)  Â© 2001-2006 Red Hat, Inc.
[    0.582590] bounce: pool size: 64 pages
[    0.582825] Block layer SCSI generic (bsg) driver version 0.4 loaded (major 248)
[    0.582847] io scheduler noop registered
[    0.582859] io scheduler deadline registered
[    0.582900] io scheduler cfq registered (default)
[    0.584356] pinctrl-single 44e10800.pinmux: 199 pins at pa f9e10800 size 796
[    0.629476] Serial: 8250/16550 driver, 10 ports, IRQ sharing disabled
[    0.631891] omap8250 44e09000.serial: No clock speed specified: using default: 48000000
[    0.632575] 44e09000.serial: ttyS0 at MMIO 0x44e09000 (irq = 30, base_baud = 3000000) is a 8250
[    0.632975] omap8250 48022000.serial: No clock speed specified: using default: 48000000
[    0.633542] console [ttyS1] disabled
[    0.633601] 48022000.serial: ttyS1 at MMIO 0x48022000 (irq = 31, base_baud = 3000000) is a 8250
[    1.441637] console [ttyS1] enabled
[    1.445524] omap8250 48024000.serial: No clock speed specified: using default: 48000000
[    1.454152] 48024000.serial: ttyS2 at MMIO 0x48024000 (irq = 32, base_baud = 3000000) is a 8250
[    1.469147] loop: module loaded
[    1.475503] m25p80 spi32766.0: mx66l51235l (65536 Kbytes)
[    1.480940] 6 ofpart partitions found on MTD device spi32766.0
[    1.486867] Creating 6 MTD partitions on "spi32766.0":
[    1.492029] 0x000000000000-0x000000090000 : "QSPI.U-BOOT"
[    1.498397] 0x000000090000-0x000000100000 : "QSPI.U-BOOT-backup"
[    1.505290] 0x000000100000-0x000000110000 : "QSPI.U-BOOT-env"
[    1.511942] 0x000000110000-0x000001110000 : "QSPI.KERNEL-zImage"
[    1.518749] 0x000001110000-0x000001310000 : "QSPI.VERITY"
[    1.525007] 0x000001310000-0x000004000000 : "QSPI.FILESYSTEM"
[    1.532859] libphy: Fixed MDIO Bus: probed
[    1.601497] davinci_mdio 4a101000.mdio: davinci mdio revision 1.6
[    1.607592] davinci_mdio 4a101000.mdio: detected phy mask fffffff9
[    1.623728] libphy: 4a101000.mdio: probed
[    1.627757] davinci_mdio 4a101000.mdio: phy[1]: device 4a101000.mdio:01, driver Micrel KSZ9031 Gigabit PHY
[    1.637499] davinci_mdio 4a101000.mdio: phy[2]: device 4a101000.mdio:02, driver Micrel KSZ9031 Gigabit PHY
[    1.648004] cpsw 4a100000.ethernet: Detected MACID = f0:1d:bc:fd:21:2c
[    1.654737] cpsw 4a100000.ethernet: cpts: overflow check period 850
[    1.661669] cpsw 4a100000.ethernet: cpsw: Detected MACID = f0:1d:bc:fd:21:2d
[    1.669949] mousedev: PS/2 mouse device common for all mice
[    1.676065] i2c /dev entries driver
[    1.680796] device-mapper: ioctl: 4.34.0-ioctl (2015-10-28) initialised: dm-devel@redhat.com
[    1.689701] cpuidle: enable-method property 'ti,am4372' found operations
[    1.697133] omap_hsmmc 481d8000.mmc: GPIO lookup for consumer cd
[    1.697147] omap_hsmmc 481d8000.mmc: using device tree for GPIO lookup
[    1.697159] of_get_named_gpiod_flags: can't parse 'cd-gpios' property of node '/ocp/mmc@481d8000[0]'
[    1.697167] of_get_named_gpiod_flags: can't parse 'cd-gpio' property of node '/ocp/mmc@481d8000[0]'
[    1.697175] omap_hsmmc 481d8000.mmc: using lookup tables for GPIO lookup
[    1.697184] omap_hsmmc 481d8000.mmc: lookup for GPIO cd failed
[    1.697193] omap_hsmmc 481d8000.mmc: GPIO lookup for consumer wp
[    1.697200] omap_hsmmc 481d8000.mmc: using device tree for GPIO lookup
[    1.697207] of_get_named_gpiod_flags: can't parse 'wp-gpios' property of node '/ocp/mmc@481d8000[0]'
[    1.697214] of_get_named_gpiod_flags: can't parse 'wp-gpio' property of node '/ocp/mmc@481d8000[0]'
[    1.697220] omap_hsmmc 481d8000.mmc: using lookup tables for GPIO lookup
[    1.697227] omap_hsmmc 481d8000.mmc: lookup for GPIO wp failed
[    1.732068] of_get_named_gpiod_flags: parsed 'gpios' property of node '/leds/led@0[0]' - status (-517)
[    1.735488] ledtrig-cpu: registered to indicate activity on CPUs
[    1.742172]  remoteproc0: wkup_m3 is available
[    1.746671]  remoteproc0: Note: remoteproc is still under development and considered experimental.
[    1.755684]  remoteproc0: THE BINARY FORMAT IS NOT YET FINALIZED, and backward compatibility isn't yet guaranteed.
[    1.766206]  remoteproc0: Direct firmware load for am335x-pm-firmware.elf failed with error -2
[    1.779796] 20160704: Config ADC1 registers
[    1.784084]  remoteproc0: failed to load am335x-pm-firmware.elf
[    1.790005] === Starting initial ADC ===
[    1.793959] PRCMCMCLKSELADC1CLK:0x0
[    1.797437] ADC1CLKCTRL:0x2
[    1.800220] ADC1CTRL:0x66
[    1.802860] ADC1SYSCONFIG:0x0
[    1.805833] ADC1Clk:0x7
[    1.808291] ADC1STEPCONFIG1:0x11
[    1.811539] ADC1STEPCONFIG2:0x80011
[    1.815034] ADC1STEPCONFIG3:0x100011
[    1.818640] ADC1STEPCONFIG4:0x180011
[    1.822224] ADC1STEPCONFIG5:0x200011
[    1.825787] ADC1STEPCONFIG6:0x280011
[    1.829382] mmc0: MAN_BKOPS_EN bit is not set
[    1.833747] ADC1STEPEN:0x7E
[    1.836531] ADC1IRQENSET:0x2
[    1.839400] ADC1CTRL:0x67
[    1.843301] NET: Registered protocol family 10
[    1.848062] mmc0: new high speed MMC card at address 0001
[    1.854481] sit: IPv6 over IPv4 tunneling driver
[    1.859695] NET: Registered protocol family 17
[    1.864790] mmcblk0: mmc0:0001 8GME4R 7.28 GiB 
[    1.869586] mmcblk0boot0: mmc0:0001 8GME4R partition 1 4.00 MiB
[    1.875882] Key type dns_resolver registered
[    1.880411] omap_voltage_late_init: Voltage driver support not added
[    1.887116] mmcblk0boot1: mmc0:0001 8GME4R partition 2 4.00 MiB
[    1.894104]  mmcblk0: p1 p2 p3 p4
[    1.901826] gpiochip_add: registered GPIOs 0 to 31 on device: gpio
[    1.902239] OMAP GPIO hardware version 0.1
[    1.906747] gpiochip_add: registered GPIOs 32 to 63 on device: gpio
[    1.907317] gpiochip_add: registered GPIOs 64 to 95 on device: gpio
[    1.907858] gpiochip_add: registered GPIOs 96 to 127 on device: gpio
[    1.908410] gpiochip_add: registered GPIOs 128 to 159 on device: gpio
[    1.908931] gpiochip_add: registered GPIOs 160 to 191 on device: gpio
[    1.938298] at24 0-0050: 8192 byte 24c64 EEPROM, writable, 1 bytes/write
[    1.946707] gpiochip_find_base: found new base at 496
[    1.946805] gpiochip_add: registered GPIOs 496 to 511 on device: pca9535
[    1.946817] pca953x 0-0020: interrupt support not compiled in
[    1.952770] omap_i2c 44e0b000.i2c: bus 0 rev0.12 at 100 kHz
[    1.971618] pca953x 1-0021: failed reading register
[    1.976511] pca953x: probe of 1-0021 failed with error -121
[    1.982359] at24 1-0050: 8192 byte 24c64 EEPROM, writable, 1 bytes/write
[    1.989192] at24 1-0051: 8192 byte 24c64 EEPROM, writable, 1 bytes/write
[    1.996125] at24 1-0052: 8192 byte 24c64 EEPROM, writable, 1 bytes/write
[    2.003005] pca954x 1-0070: GPIO lookup for consumer reset
[    2.003014] pca954x 1-0070: using device tree for GPIO lookup
[    2.003025] of_get_named_gpiod_flags: can't parse 'reset-gpios' property of node '/ocp/i2c@4802a000/mux@70[0]'
[    2.003032] of_get_named_gpiod_flags: can't parse 'reset-gpio' property of node '/ocp/i2c@4802a000/mux@70[0]'
[    2.003040] pca954x 1-0070: using lookup tables for GPIO lookup
[    2.003048] pca954x 1-0070: lookup for GPIO reset failed
[    2.003196] pca954x 1-0070: probe failed
[    2.007157] omap_i2c 4802a000.i2c: bus 1 rev0.12 at 100 kHz
[    2.013192] of_get_named_gpiod_flags: parsed 'gpios' property of node '/leds/led@0[0]' - status (0)
[    2.014820] hctosys: unable to open rtc device (rtc0)
[    2.025005] Freeing unused kernel memory: 256K (c0832000 - c0872000)
[    2.031355] This architecture does not have kernel memory protection.
[    3.504958] EXT4-fs (mmcblk0p4): recovery complete
[    3.510173] EXT4-fs (mmcblk0p4): mounted filesystem with ordered data mode. Opts: (null)
[    4.522958] EXT4-fs (mmcblk0p3): mounted filesystem with ordered data mode. Opts: (null)
[    4.770813] udevd[373]: starting version 3.1.5
[    4.790989] random: udevd: uninitialized urandom read (16 bytes read, 100 bits of entropy available)
[    4.800570] random: udevd: uninitialized urandom read (16 bytes read, 100 bits of entropy available)
[    4.809993] random: udevd: uninitialized urandom read (16 bytes read, 100 bits of entropy available)
[    5.170190] omap_rtc 44e3e000.rtc: already running
[    5.229372] rtc rtc0: 44e3e000.rtc: dev (254:0)
[    5.229413] omap_rtc 44e3e000.rtc: rtc core: registered 44e3e000.rtc as rtc0
[    5.288530] omap_wdt: OMAP Watchdog Timer Rev 0x01: initial timeout 60 sec
[    5.405724] omap_rng 48310000.rng: OMAP Random Number Generator ver. 20
[    5.540285] omap-aes 53501000.aes: OMAP AES hw accel rev: 0.1
[    5.641297] alg: skcipher: Failed to load transform for ecb-aes-omap: -2
[    5.711112] omap_aes_gcm_cra_init: could not load aes driver for encrypting IV
[    5.736054] alg: aead: Failed to load transform for gcm-aes-omap: -2
[    5.800321] omap_aes_gcm_cra_init: could not load aes driver for encrypting IV
[    5.822510] alg: aead: Failed to load transform for rfc4106-gcm-aes-omap: -2
[    5.852424] omap-des 53701000.des: OMAP DES hw accel rev: 0.33
[    5.867550] alg: skcipher: setkey failed on test 5 for ecb-des-omap: flags=100
[    5.892510] alg: skcipher-ddst: setkey failed on test 5 for ecb-des-omap: flags=100
[    5.924364] alg: skcipher-ddst: setkey failed on test 5 for ecb-des-omap: flags=100
[    5.987228] ti-pruss 54400000.pruss: creating PRU cores and other child platform devices
[    5.995734] omap-sham 53100000.sham: hw accel on OMAP rev 0.0
[    6.030925] omap_sham_cra_init_alg: omap-sham: fallback driver 'sha1' could not be loaded.
[    6.048932] irq: no irq domain found for /ocp/pruss_wrapper@54426000/pruss@54400000/intc@54420000 !
[    6.066650] alg: hash: Failed to load transform for omap-sha1: -2
[    6.096540] irq: no irq domain found for /ocp/pruss_wrapper@54426000/pruss@54400000/intc@54420000 !
[    6.118376] omap_sham_cra_init_alg: omap-sham: fallback driver 'md5' could not be loaded.
[    6.126645] random: nonblocking pool is initialized
[    6.169393]  remoteproc1: 54434000.pru0 is available
[    6.176155] alg: hash: Failed to load transform for omap-md5: -2
[    6.216180]  remoteproc1: Note: remoteproc is still under development and considered experimental.
[    6.254057] omap_sham_cra_init_alg: omap-sham: fallback driver 'hmac(sha1)' could not be loaded.
[    6.267441]  remoteproc1: THE BINARY FORMAT IS NOT YET FINALIZED, and backward compatibility isn't yet guaranteed.
[    6.292175] alg: hash: Failed to load transform for omap-hmac-sha1: -2
[    6.333888] pru-rproc 54434000.pru0: booting the PRU core manually
[    6.340082]  remoteproc1: powering up 54434000.pru0
[    6.370939] omap_sham_cra_init_alg: omap-sham: fallback driver 'hmac(md5)' could not be loaded.
[    6.390931]  remoteproc1: Booting fw image am437x-pru1_0-fw, size 114992
[    6.406413] alg: hash: Failed to load transform for omap-hmac-md5: -2
[    6.425319]  remoteproc1: remote processor 54434000.pru0 is now up
[    6.451780] pru-rproc 54434000.pru0: PRU rproc node /ocp/pruss_wrapper@54426000/pruss@54400000/pru0@54434000 probed successfully
[    6.488061] omap_sham_cra_init_alg: omap-sham: fallback driver 'hmac(sha224)' could not be loaded.
[    6.517213]  remoteproc2: 54438000.pru1 is available
[    6.522354] alg: hash: Failed to load transform for omap-hmac-sha224: -2
[    6.544511]  remoteproc2: Note: remoteproc is still under development and considered experimental.
[    6.581311] omap_sham_cra_init_alg: omap-sham: fallback driver 'hmac(sha256)' could not be loaded.
[    6.599980]  remoteproc2: THE BINARY FORMAT IS NOT YET FINALIZED, and backward compatibility isn't yet guaranteed.
[    6.620594] alg: hash: Failed to load transform for omap-hmac-sha256: -2
[    6.663190]  remoteproc2: registered virtio0 (type 7)
[    6.668317] pru-rproc 54438000.pru1: PRU rproc node /ocp/pruss_wrapper@54426000/pruss@54400000/pru1@54438000 probed successfully
[    6.687581] omap_sham_cra_init_alg: omap-sham: fallback driver 'sha384' could not be loaded.
[    6.715946] alg: hash: Failed to load transform for omap-sha384: -2
[    6.760251] omap_sham_cra_init_alg: omap-sham: fallback driver 'sha512' could not be loaded.
[    6.784162] alg: hash: Failed to load transform for omap-sha512: -2
[    6.806435]  remoteproc2: powering up 54438000.pru1
[    6.816822]  remoteproc2: Booting fw image am437x-pru1_1-fw, size 91096
[    6.828155] omap_sham_cra_init_alg: omap-sham: fallback driver 'hmac(sha384)' could not be loaded.
[    6.837485] ti-pruss 54400000.pruss: configured system_events = 0x00000000000c0000 intr_channels = 0x0000000a host_intr = 0x0000000a
[    6.849509] alg: hash: Failed to load transform for omap-hmac-sha384: -2
[    6.856557]  remoteproc2: remote processor 54438000.pru1 is now up
[    6.867660] virtio_rpmsg_bus virtio0: creating channel rpmsg-pru addr 0x1f
[    6.875177] virtio_rpmsg_bus virtio0: rpmsg host is online
[    6.885381] omap_sham_cra_init_alg: omap-sham: fallback driver 'hmac(sha512)' could not be loaded.
[    6.899579] rpmsg_pru rpmsg0: new rpmsg_pru device: /dev/rpmsg_pru31
[    6.907830] alg: hash: Failed to load transform for omap-hmac-sha512: -2
[    9.767722] ip_tables: (C) 2000-2006 Netfilter Core Team
[    9.795179] ip6_tables: (C) 2000-2006 Netfilter Core Team
[    9.845712] nf_conntrack version 0.5.0 (16083 buckets, 64332 max)
[   10.787426] NFSD: Using /var/lib/nfs/v4recovery as the NFSv4 state recovery directory
[   10.795420] NFSD: starting 90-second grace period (net c08bab28)
[   12.879755] net eth0: initializing cpsw version 1.15 (0)
[   12.879793] net eth0: initialized cpsw ale version 1.4
[   12.879802] net eth0: ALE Table size 1024
[   12.963017] net eth0: phy found : id is : 0x221622
[   12.969054] IPv6: ADDRCONF(NETDEV_UP): eth0: link is not ready
[   13.629387] net eth1: initializing cpsw version 1.15 (0)
[   13.702986] net eth1: phy found : id is : 0x221622
[   13.705915] IPv6: ADDRCONF(NETDEV_UP): eth1: link is not ready
[   14.032499] gpio-mon: Starting gpio monitor module from PID=-1
[   14.032591] gpio-mon: Port 1 is mapped to IRQ: 177
[   14.032711] gpio-mon: Port 2 is mapped to IRQ: 178
[   14.032808] gpio-mon: Port 3 is mapped to IRQ: 180
[   14.032906] gpio-mon: Port 4 is mapped to IRQ: 161
[   14.033005] gpio-mon: Port 5 is mapped to IRQ: 162
[   14.033119] gpio-mon: Port 6 is mapped to IRQ: 163
[   14.033204] gpio-mon: Port 7 is mapped to IRQ: 164
[   14.033303] gpio-mon: Port 8 is mapped to IRQ: 165
[   14.033346] gpio-mon: Port 9 is mapped to IRQ: 115
[   14.033402] gpio-mon: Port 10 is mapped to IRQ: 167
[   14.033501] gpio-mon: Port 11 is mapped to IRQ: 168
[   14.033600] gpio-mon: Port 12 is mapped to IRQ: 169
[   14.033699] gpio-mon: Port 13 is mapped to IRQ: 170
[   14.033798] gpio-mon: Port 14 is mapped to IRQ: 171
[   14.033897] gpio-mon: Port 15 is mapped to IRQ: 172
[   14.033930] gpio-mon: Port 16 is mapped to IRQ: 99
[   14.034004] gpio-mon: Port 17 is mapped to IRQ: 100
[   14.034072] gpio-mon: Port 18 is mapped to IRQ: 101
[   14.034146] gpio-mon: Port 19 is mapped to IRQ: 102
[   14.034219] gpio-mon: Port 20 is mapped to IRQ: 98
[   14.034252] gpio-mon: Port 21 is mapped to IRQ: 151
[   14.034286] gpio-mon: Port 22 is mapped to IRQ: 282
[   14.034317] gpio-mon: Port 23 is mapped to IRQ: 211
[   14.034460] gpio-mon: Port 24 is mapped to IRQ: 209
[   14.034558] gpio-mon: Port 25 is mapped to IRQ: 210
[   14.034658] gpio-mon: Port 26 is mapped to IRQ: 212
[   14.034697] gpio-mon: Port 27 is mapped to IRQ: 223
[   14.034824] gpio-mon: Port 28 is mapped to IRQ: 220
[   14.034923] gpio-mon: Port 29 is mapped to IRQ: 219
[   14.034948] gpio-mon: Port 30 is mapped to IRQ: 270
[   14.035021] gpio-mon: Port 31 is mapped to IRQ: 271
[   14.035046] gpio-mon: Port 32 is mapped to IRQ: 243
[   14.035120] gpio-mon: Port 33 is mapped to IRQ: 244
[   14.035220] gpio-mon: Port 34 is mapped to IRQ: 245
[   14.035319] gpio-mon: Port 35 is mapped to IRQ: 246
[   14.035418] gpio-mon: Port 36 is mapped to IRQ: 247
[   14.035517] gpio-mon: Port 37 is mapped to IRQ: 248
[   14.035623] gpio-mon: Port 38 is mapped to IRQ: 233
[   14.035650] gpio-mon: Port 39 is mapped to IRQ: 156
[   14.035674] gpio-mon: Port 40 is mapped to IRQ: 281
[   14.035716] gpio-mon: Port 41 is mapped to IRQ: 224
[   14.035816] gpio-mon: Port 42 is mapped to IRQ: 225
[   14.035914] gpio-mon: Port 43 is mapped to IRQ: 230
[   14.035938] gpio-mon: Port 44 is mapped to IRQ: 208
[   14.036014] gpio-mon: Port 45 is mapped to IRQ: 205
[   14.036112] gpio-mon: Port 46 is mapped to IRQ: 206
[   14.036212] gpio-mon: Port 47 is mapped to IRQ: 207
[   14.036237] gpio-mon: Port 48 is mapped to IRQ: 222
[   14.036243] gpio-mon: The interrupt request rc is: 0
[   14.603268] gpio-mon: Event on Port 18, siginfo 18
[   14.603293] gpio-mon: Event on Port 9, siginfo 9
[   14.604621] gpio-mon: Event on Port 39, siginfo 39
[   14.604631] gpio-mon: Event on Port 4, siginfo 260
[   14.604640] gpio-mon: Event on Port 6, siginfo 262
[   14.604647] gpio-mon: Event on Port 7, siginfo 7
[   14.604655] gpio-mon: Event on Port 8, siginfo 8
[   14.604664] gpio-mon: Event on Port 1, siginfo 257
[   14.604671] gpio-mon: Event on Port 3, siginfo 259
[   14.604689] gpio-mon: Event on Port 24, siginfo 24
[   14.604698] gpio-mon: Event on Port 23, siginfo 23
[   14.604715] gpio-mon: Event on Port 29, siginfo 29
[   14.604723] gpio-mon: Event on Port 28, siginfo 28
[   14.604731] gpio-mon: Event on Port 27, siginfo 27
[   14.604739] gpio-mon: Event on Port 41, siginfo 41
[   14.604746] gpio-mon: Event on Port 42, siginfo 42
[   14.604754] gpio-mon: Event on Port 43, siginfo 43
[   14.604762] gpio-mon: Event on Port 38, siginfo 38
[   14.604770] gpio-mon: Event on Port 32, siginfo 32
[   14.604777] gpio-mon: Event on Port 33, siginfo 33
[   14.604785] gpio-mon: Event on Port 34, siginfo 34
[   14.604792] gpio-mon: Event on Port 36, siginfo 36
[   14.604799] gpio-mon: Event on Port 37, siginfo 37
[   14.604817] gpio-mon: Event on Port 30, siginfo 30
[   14.604824] gpio-mon: Event on Port 31, siginfo 31
[   14.604832] gpio-mon: Event on Port 40, siginfo 40
[   14.604840] gpio-mon: Event on Port 22, siginfo 22
[   15.165173] FAT-fs (mmcblk0p1): Volume was not properly unmounted. Some data may be corrupt. Please run fsck.
[   16.962751] cpsw 4a100000.ethernet eth0: Link is Up - 1Gbps/Full - flow control rx/tx
[   16.962888] IPv6: ADDRCONF(NETDEV_CHANGE): eth0: link becomes ready
[   17.703046] cpsw 4a100000.ethernet eth1: Link is Up - 1Gbps/Full - flow control off
[   17.703124] IPv6: ADDRCONF(NETDEV_CHANGE): eth1: link becomes ready


Memory Usage:
             total       used       free     shared    buffers     cached
Mem:       1029340     293636     735704      14760      51736     106000
-/+ buffers/cache:     135900     893440
Swap:            0          0          0


CPU Usage:
Mem: 293660K used, 735680K free, 14760K shrd, 51736K buff, 106000K cached
CPU:  54% usr   9% sys  36% nic   0% idle   0% io   0% irq   0% sirq
Load average: 3.32 2.11 1.38 6/220 3321
  PID  PPID USER     STAT   VSZ %VSZ %CPU COMMAND
 1006     1 root     S     298m  30%  45% python /usr/bin/rackmanager/RackManager.py redfish
 3278  3277 root     R N   6552   1%  18% python -c import sys; sys.path.append('/usr/lib/commonapi'); from controls.system_type import *; print get_server_control_interface(21)[2]
 3233  3232 root     R N  13560   1%   9% python -c import sys; sys.path.append('/usr/lib/commonapi'); from controls.blade_ftp import *; print system_ftp_copyfile(23,'inventory.json',0, '/usr/srvroot/shared/.inventory')
 3321  3320 root     R     2716   0%   9% top -b -n 2 -d 2
  957     1 root     S     286m  28%   0% /usr/bin/ocs-itp -t itp
 1010     1 root     S     277m  28%   0% python /usr/bin/rackmanager/RackManager.py legacy
  912     1 root     S N  73132   7%   0% /usr/bin/ocstelemetry_daemon
  910     1 root     S N  50880   5%   0% /usr/bin/ocskafka_daemon
 1944  1872 root     S    43516   4%   0% {ocsshell.py} /usr/bin/python /usr/bin/ocscli/ocsshell.py
15169 15047 root     S    42588   4%   0% {ocsshell.py} /usr/bin/python /usr/bin/ocscli/ocsshell.py
 3214  3205 root     S    40136   4%   0% {ocsshell.py} /usr/bin/python /usr/bin/ocscli/ocsshell.py -c show manager scandevice
  914     1 root     S N  24688   2%   0% /usr/bin/ocsarchive_daemon
  765     1 root     S    20452   2%   0% /usr/bin/ocs-init
  908     1 root     S N  14688   1%   0% /usr/bin/ocsinventory_daemon
  916     1 root     S N   7080   1%   0% /usr/bin/ocspowerpolicy_daemon -L
  918     1 root     S     5988   1%   0% /usr/bin/ocs-gpio monitor
 3315  3314 root     R N   5312   1%   0% /usr/bin/ipmitool -I lan -H 172.17.0.61 -U admin -P XXXXX sdr dump /tmp/sdr_data16.sdr
 1872   829 root     S     4800   0%   0% sshd: root@pts/0
15047   829 root     S     4800   0%   0% sshd: root@pts/1
 3205   829 root     S     4800   0%   0% sshd: root@notty
25877   829 root     S     4800   0%   0% sshd: root@notty
 2500   829 root     S     4800   0%   0% sshd: root@notty
25895 25877 root     S     4800   0%   0% sshd: root@internal-sftp
 2506  2500 root     S     4800   0%   0% sshd: root@internal-sftp
  829     1 root     S     4672   0%   0% /usr/sbin/sshd
  766     1 root     S     4444   0%   0% /usr/bin/ocslog-daemon
  893     1 root     S     4160   0%   0% /usr/bin/runtimewatchdog
  374     1 root     S     2880   0%   0% /sbin/udevd -d
  862     1 root     S     2816   0%   0% /usr/sbin/rpc.mountd -f /etc/exports  -p 9000
  838     1 rpcuser  S     2792   0%   0% /usr/sbin/rpc.statd
 3284  3214 root     S     2784   0%   0% {scandevice.sh} /bin/sh /usr/lib/commonapi/controls/scandevice.sh
 3320  3284 root     S     2784   0%   0% {scandevice.sh} /bin/sh /usr/lib/commonapi/controls/scandevice.sh
 3232   908 root     S N   2760   0%   0% sh -c python -c "import sys; sys.path.append('/usr/lib/commonapi'); from controls.blade_ftp import *; print system_ftp_copyfile(23,'inventory.json',0, '/usr/srvroot/shared/.inventory')" 2>/dev/null
 3277   914 root     S N   2760   0%   0% sh -c python -c "import sys; sys.path.append('/usr/lib/commonapi'); from controls.system_type import *; print get_server_control_interface(21)[2]" 2>/dev/null
 3314   912 root     S N   2760   0%   0% sh -c /usr/bin/ipmitool -I lan -H 172.17.0.61 -U admin -P admin sdr dump /tmp/sdr_data16.sdr 2>/dev/null
  742     1 root     S     2716   0%   0% /sbin/syslogd -n -O /home/.ocs/log/syslog -s 20480 -b 2 -l 8
  745     1 root     S     2716   0%   0% /sbin/klogd -n
 1017     1 root     S     2716   0%   0% /sbin/getty -L 115200 ttyS1
 1018     1 root     S     2716   0%   0% /sbin/getty -L 115200 ttyS2
 1019     1 root     S     2716   0%   0% /sbin/getty 38400 tty1
  866     1 root     S     2288   0%   0% /usr/sbin/in.tftpd-hpa -c -v -l -s /usr/srvroot/shared
  833     1 rpc      S     2196   0%   0% /usr/sbin/rpcbind
    1     0 root     S     1704   0%   0% init [5]
    7     2 root     SW       0   0%   0% [rcu_preempt]
   66     2 root     SW       0   0%   0% [irq/43-44e0b000]
    3     2 root     SW       0   0%   0% [ksoftirqd/0]
   60     2 root     SW       0   0%   0% [mmcqd/0]
13685     2 root     SW       0   0%   0% [kworker/0:1]
  331     2 root     SW       0   0%   0% [jbd2/mmcblk0p4-]
  424     2 root     SW       0   0%   0% [kworker/u2:2]
17640     2 root     SW       0   0%   0% [kworker/u2:1]
29308     2 root     SW       0   0%   0% [kworker/0:2]
  445     2 root     SW       0   0%   0% [irq/293-remotep]
    2     0 root     SW       0   0%   0% [kthreadd]
  363     2 root     SW       0   0%   0% [jbd2/mmcblk0p3-]
   10     2 root     SW       0   0%   0% [kdevtmpfs]
  328     2 root     SW<      0   0%   0% [kworker/0:1H]
    5     2 root     SW<      0   0%   0% [kworker/0:0H]
    8     2 root     SW       0   0%   0% [rcu_sched]
    9     2 root     SW       0   0%   0% [rcu_bh]
   11     2 root     SW<      0   0%   0% [netns]
   12     2 root     SW<      0   0%   0% [perf]
   14     2 root     SW<      0   0%   0% [writeback]
   15     2 root     SW<      0   0%   0% [crypto]
   16     2 root     SW<      0   0%   0% [bioset]
   17     2 root     SW<      0   0%   0% [kblockd]
   18     2 root     SW<      0   0%   0% [edac-poller]
   19     2 root     SW<      0   0%   0% [rpciod]
   24     2 root     SW       0   0%   0% [kswapd0]
   25     2 root     SW       0   0%   0% [fsnotify_mark]
   26     2 root     SW<      0   0%   0% [nfsiod]
   37     2 root     SW<      0   0%   0% [bioset]
   38     2 root     SW<      0   0%   0% [bioset]
   39     2 root     SW<      0   0%   0% [bioset]
   40     2 root     SW<      0   0%   0% [bioset]
   41     2 root     SW<      0   0%   0% [bioset]
   42     2 root     SW<      0   0%   0% [bioset]
   43     2 root     SW<      0   0%   0% [bioset]
   44     2 root     SW<      0   0%   0% [bioset]
   45     2 root     SW       0   0%   0% [spi32766]
   46     2 root     SW<      0   0%   0% [bioset]
   47     2 root     SW<      0   0%   0% [bioset]
   48     2 root     SW<      0   0%   0% [bioset]
   49     2 root     SW<      0   0%   0% [bioset]
   50     2 root     SW<      0   0%   0% [bioset]
   51     2 root     SW<      0   0%   0% [bioset]
   55     2 root     SW<      0   0%   0% [kpsmoused]
   56     2 root     SW<      0   0%   0% [dm_bufio_cache]
   57     2 root     SW       0   0%   0% [irq/50-TI-am335]
   58     2 root     SW<      0   0%   0% [ipv6_addrconf]
   59     2 root     SW<      0   0%   0% [bioset]
   61     2 root     SW<      0   0%   0% [bioset]
   62     2 root     SW       0   0%   0% [mmcqd/0boot0]
   63     2 root     SW<      0   0%   0% [bioset]
   64     2 root     SW       0   0%   0% [mmcqd/0boot1]
   65     2 root     SW<      0   0%   0% [deferwq]
   67     2 root     SW       0   0%   0% [irq/283-tps6521]
   68     2 root     SW       0   0%   0% [irq/44-4802a000]
  313     2 root     SW<      0   0%   0% [kdmflush]
  314     2 root     SW<      0   0%   0% [bioset]
  315     2 root     SW<      0   0%   0% [kverityd]
  316     2 root     SW<      0   0%   0% [bioset]
  332     2 root     SW<      0   0%   0% [ext4-rsv-conver]
  364     2 root     SW<      0   0%   0% [ext4-rsv-conver]
  719     2 root     SW       0   0%   0% [kworker/0:0]
  850     2 root     SW<      0   0%   0% [nfsd4_callbacks]
  851     2 root     SW       0   0%   0% [lockd]
  853     2 root     SW       0   0%   0% [nfsd]
  854     2 root     SW       0   0%   0% [nfsd]
  855     2 root     SW       0   0%   0% [nfsd]
  856     2 root     SW       0   0%   0% [nfsd]
  857     2 root     SW       0   0%   0% [nfsd]
  858     2 root     SW       0   0%   0% [nfsd]
  859     2 root     SW       0   0%   0% [nfsd]
  860     2 root     SW       0   0%   0% [nfsd]
Mem: 296220K used, 733120K free, 14760K shrd, 51736K buff, 106000K cached
CPU:  56% usr   5% sys  37% nic   0% idle   0% io   0% irq   0% sirq
Load average: 3.32 2.11 1.38 5/222 3341
  PID  PPID USER     STAT   VSZ %VSZ %CPU COMMAND
 1006     1 root     S     298m  30%  49% python /usr/bin/rackmanager/RackManager.py redfish
 3233  3232 root     R N  13684   1%  16% python -c import sys; sys.path.append('/usr/lib/commonapi'); from controls.blade_ftp import *; print system_ftp_copyfile(23,'inventory.json',0, '/usr/srvroot/shared/.inventory')
 3278  3277 root     R N  12604   1%  16% python -c import sys; sys.path.append('/usr/lib/commonapi'); from controls.system_type import *; print get_server_control_interface(21)[2]
 3315  3314 root     R N   5312   1%   3% /usr/bin/ipmitool -I lan -H 172.17.0.61 -U admin -P XXXXX sdr dump /tmp/sdr_data16.sdr
  912     1 root     S N  73132   7%   2% /usr/bin/ocstelemetry_daemon
 3321  3320 root     R     2952   0%   0% top -b -n 2 -d 2
    7     2 root     SW       0   0%   0% [rcu_preempt]
13685     2 root     SW       0   0%   0% [kworker/0:1]
  957     1 root     S     286m  28%   0% /usr/bin/ocs-itp -t itp
 1010     1 root     S     277m  28%   0% python /usr/bin/rackmanager/RackManager.py legacy
  910     1 root     S N  50880   5%   0% /usr/bin/ocskafka_daemon
 1944  1872 root     S    43516   4%   0% {ocsshell.py} /usr/bin/python /usr/bin/ocscli/ocsshell.py
15169 15047 root     S    42588   4%   0% {ocsshell.py} /usr/bin/python /usr/bin/ocscli/ocsshell.py
 3214  3205 root     S    40136   4%   0% {ocsshell.py} /usr/bin/python /usr/bin/ocscli/ocsshell.py -c show manager scandevice
  914     1 root     S N  24688   2%   0% /usr/bin/ocsarchive_daemon
  765     1 root     S    20452   2%   0% /usr/bin/ocs-init
  908     1 root     S N  14688   1%   0% /usr/bin/ocsinventory_daemon
  916     1 root     S N   7080   1%   0% /usr/bin/ocspowerpolicy_daemon -L
  918     1 root     S     5988   1%   0% /usr/bin/ocs-gpio monitor
 3341  3340 root     R N   5180   1%   0% /usr/bin/ipmitool -I lan -H 172.17.0.25 -U admin -P admin -b 6 -t 0x2c raw 0x2e 0x40 0x57 0x1 0x0 0x30 0x5 0x5 0xe1 0x0 0x5C 0x31 0x25
 1872   829 root     S     4800   0%   0% sshd: root@pts/0
15047   829 root     S     4800   0%   0% sshd: root@pts/1
 3205   829 root     S     4800   0%   0% sshd: root@notty
25877   829 root     S     4800   0%   0% sshd: root@notty
 2500   829 root     S     4800   0%   0% sshd: root@notty
25895 25877 root     S     4800   0%   0% sshd: root@internal-sftp
 2506  2500 root     S     4800   0%   0% sshd: root@internal-sftp
  829     1 root     S     4672   0%   0% /usr/sbin/sshd
  766     1 root     S     4444   0%   0% /usr/bin/ocslog-daemon
  893     1 root     S     4160   0%   0% /usr/bin/runtimewatchdog
  374     1 root     S     2880   0%   0% /sbin/udevd -d
  862     1 root     S     2816   0%   0% /usr/sbin/rpc.mountd -f /etc/exports  -p 9000
  838     1 rpcuser  S     2792   0%   0% /usr/sbin/rpc.statd
 3284  3214 root     S     2784   0%   0% {scandevice.sh} /bin/sh /usr/lib/commonapi/controls/scandevice.sh
 3320  3284 root     S     2784   0%   0% {scandevice.sh} /bin/sh /usr/lib/commonapi/controls/scandevice.sh
 3232   908 root     S N   2760   0%   0% sh -c python -c "import sys; sys.path.append('/usr/lib/commonapi'); from controls.blade_ftp import *; print system_ftp_copyfile(23,'inventory.json',0, '/usr/srvroot/shared/.inventory')" 2>/dev/null
 3277   914 root     S N   2760   0%   0% sh -c python -c "import sys; sys.path.append('/usr/lib/commonapi'); from controls.system_type import *; print get_server_control_interface(21)[2]" 2>/dev/null
 3314   912 root     S N   2760   0%   0% sh -c /usr/bin/ipmitool -I lan -H 172.17.0.61 -U admin -P admin sdr dump /tmp/sdr_data16.sdr 2>/dev/null
 3340   912 root     S N   2760   0%   0% sh -c /usr/bin/ipmitool -I lan -H 172.17.0.25 -U admin -P admin -b 6 -t 0x2c raw 0x2e 0x40 0x57 0x1 0x0 0x30 0x5 0x5 0xe1 0x0 0x5C 0x31 0x25 2>/dev/null
  742     1 root     S     2716   0%   0% /sbin/syslogd -n -O /home/.ocs/log/syslog -s 20480 -b 2 -l 8
  745     1 root     S     2716   0%   0% /sbin/klogd -n
 1017     1 root     S     2716   0%   0% /sbin/getty -L 115200 ttyS1
 1018     1 root     S     2716   0%   0% /sbin/getty -L 115200 ttyS2
 1019     1 root     S     2716   0%   0% /sbin/getty 38400 tty1
  866     1 root     S     2288   0%   0% /usr/sbin/in.tftpd-hpa -c -v -l -s /usr/srvroot/shared
  833     1 rpc      S     2196   0%   0% /usr/sbin/rpcbind
    1     0 root     S     1704   0%   0% init [5]
   66     2 root     SW       0   0%   0% [irq/43-44e0b000]
    3     2 root     SW       0   0%   0% [ksoftirqd/0]
   60     2 root     SW       0   0%   0% [mmcqd/0]
  331     2 root     SW       0   0%   0% [jbd2/mmcblk0p4-]
  424     2 root     SW       0   0%   0% [kworker/u2:2]
17640     2 root     SW       0   0%   0% [kworker/u2:1]
29308     2 root     SW       0   0%   0% [kworker/0:2]
  445     2 root     SW       0   0%   0% [irq/293-remotep]
    2     0 root     SW       0   0%   0% [kthreadd]
  363     2 root     SW       0   0%   0% [jbd2/mmcblk0p3-]
   10     2 root     SW       0   0%   0% [kdevtmpfs]
  328     2 root     SW<      0   0%   0% [kworker/0:1H]
    5     2 root     SW<      0   0%   0% [kworker/0:0H]
    8     2 root     SW       0   0%   0% [rcu_sched]
    9     2 root     SW       0   0%   0% [rcu_bh]
   11     2 root     SW<      0   0%   0% [netns]
   12     2 root     SW<      0   0%   0% [perf]
   14     2 root     SW<      0   0%   0% [writeback]
   15     2 root     SW<      0   0%   0% [crypto]
   16     2 root     SW<      0   0%   0% [bioset]
   17     2 root     SW<      0   0%   0% [kblockd]
   18     2 root     SW<      0   0%   0% [edac-poller]
   19     2 root     SW<      0   0%   0% [rpciod]
   24     2 root     SW       0   0%   0% [kswapd0]
   25     2 root     SW       0   0%   0% [fsnotify_mark]
   26     2 root     SW<      0   0%   0% [nfsiod]
   37     2 root     SW<      0   0%   0% [bioset]
   38     2 root     SW<      0   0%   0% [bioset]
   39     2 root     SW<      0   0%   0% [bioset]
   40     2 root     SW<      0   0%   0% [bioset]
   41     2 root     SW<      0   0%   0% [bioset]
   42     2 root     SW<      0   0%   0% [bioset]
   43     2 root     SW<      0   0%   0% [bioset]
   44     2 root     SW<      0   0%   0% [bioset]
   45     2 root     SW       0   0%   0% [spi32766]
   46     2 root     SW<      0   0%   0% [bioset]
   47     2 root     SW<      0   0%   0% [bioset]
   48     2 root     SW<      0   0%   0% [bioset]
   49     2 root     SW<      0   0%   0% [bioset]
   50     2 root     SW<      0   0%   0% [bioset]
   51     2 root     SW<      0   0%   0% [bioset]
   55     2 root     SW<      0   0%   0% [kpsmoused]
   56     2 root     SW<      0   0%   0% [dm_bufio_cache]
   57     2 root     SW       0   0%   0% [irq/50-TI-am335]
   58     2 root     SW<      0   0%   0% [ipv6_addrconf]
   59     2 root     SW<      0   0%   0% [bioset]
   61     2 root     SW<      0   0%   0% [bioset]
   62     2 root     SW       0   0%   0% [mmcqd/0boot0]
   63     2 root     SW<      0   0%   0% [bioset]
   64     2 root     SW       0   0%   0% [mmcqd/0boot1]
   65     2 root     SW<      0   0%   0% [deferwq]
   67     2 root     SW       0   0%   0% [irq/283-tps6521]
   68     2 root     SW       0   0%   0% [irq/44-4802a000]
  313     2 root     SW<      0   0%   0% [kdmflush]
  314     2 root     SW<      0   0%   0% [bioset]
  315     2 root     SW<      0   0%   0% [kverityd]
  316     2 root     SW<      0   0%   0% [bioset]
  332     2 root     SW<      0   0%   0% [ext4-rsv-conver]
  364     2 root     SW<      0   0%   0% [ext4-rsv-conver]
  719     2 root     SW       0   0%   0% [kworker/0:0]
  850     2 root     SW<      0   0%   0% [nfsd4_callbacks]
  851     2 root     SW       0   0%   0% [lockd]
  853     2 root     SW       0   0%   0% [nfsd]
  854     2 root     SW       0   0%   0% [nfsd]
  855     2 root     SW       0   0%   0% [nfsd]
  856     2 root     SW       0   0%   0% [nfsd]
  857     2 root     SW       0   0%   0% [nfsd]
  858     2 root     SW       0   0%   0% [nfsd]
  859     2 root     SW       0   0%   0% [nfsd]
  860     2 root     SW       0   0%   0% [nfsd]


QSPI usage:
dev:    size   erasesize  name
mtd0: 00090000 00010000 "QSPI.U-BOOT"
mtd1: 00070000 00010000 "QSPI.U-BOOT-backup"
mtd2: 00010000 00010000 "QSPI.U-BOOT-env"
mtd3: 01000000 00010000 "QSPI.KERNEL-zImage"
mtd4: 00200000 00010000 "QSPI.VERITY"
mtd5: 02cf0000 00010000 "QSPI.FILESYSTEM"


Mounted Filesystems:
Filesystem           1K-blocks      Used Available Use% Mounted on
devtmpfs                487840     14108    473732   3% /dev
/dev/mapper/rootfs-verity
                         28544     28544         0 100% /
/dev/mmcblk0p4         1925584     67760   1741960   4% /home
overlay                1925584     67760   1741960   4% /etc
overlay                1925584     67760   1741960   4% /root
tmpfs                   514668       116    514552   0% /run
tmpfs                   514668       536    514132   0% /var/volatile
/dev/mmcblk0p3         4908544   3146116   1490044  68% /usr/srvroot
tmpfs                   514668       536    514132   0% /var/lib
/dev/mmcblk0p1          258095     43566    214530  17% /var/volatile/tmp/~ocsfwup/upos
/dev/mmcblk0p2          258095    153447    104648  59% /var/volatile/tmp/~ocsfwup/pkgstore


Filesystem Integrity:
fsck (busybox 1.24.1, 2020-07-17 14:21:47 PDT)


Processes List:
  PID USER       VSZ STAT COMMAND
    1 root      1704 S    init [5]
    2 root         0 SW   [kthreadd]
    3 root         0 SW   [ksoftirqd/0]
    5 root         0 SW<  [kworker/0:0H]
    7 root         0 SW   [rcu_preempt]
    8 root         0 SW   [rcu_sched]
    9 root         0 SW   [rcu_bh]
   10 root         0 SW   [kdevtmpfs]
   11 root         0 SW<  [netns]
   12 root         0 SW<  [perf]
   14 root         0 SW<  [writeback]
   15 root         0 SW<  [crypto]
   16 root         0 SW<  [bioset]
   17 root         0 SW<  [kblockd]
   18 root         0 SW<  [edac-poller]
   19 root         0 SW<  [rpciod]
   24 root         0 SW   [kswapd0]
   25 root         0 SW   [fsnotify_mark]
   26 root         0 SW<  [nfsiod]
   37 root         0 SW<  [bioset]
   38 root         0 SW<  [bioset]
   39 root         0 SW<  [bioset]
   40 root         0 SW<  [bioset]
   41 root         0 SW<  [bioset]
   42 root         0 SW<  [bioset]
   43 root         0 SW<  [bioset]
   44 root         0 SW<  [bioset]
   45 root         0 SW   [spi32766]
   46 root         0 SW<  [bioset]
   47 root         0 SW<  [bioset]
   48 root         0 SW<  [bioset]
   49 root         0 SW<  [bioset]
   50 root         0 SW<  [bioset]
   51 root         0 SW<  [bioset]
   55 root         0 SW<  [kpsmoused]
   56 root         0 SW<  [dm_bufio_cache]
   57 root         0 SW   [irq/50-TI-am335]
   58 root         0 SW<  [ipv6_addrconf]
   59 root         0 SW<  [bioset]
   60 root         0 SW   [mmcqd/0]
   61 root         0 SW<  [bioset]
   62 root         0 SW   [mmcqd/0boot0]
   63 root         0 SW<  [bioset]
   64 root         0 SW   [mmcqd/0boot1]
   65 root         0 SW<  [deferwq]
   66 root         0 SW   [irq/43-44e0b000]
   67 root         0 SW   [irq/283-tps6521]
   68 root         0 SW   [irq/44-4802a000]
  313 root         0 SW<  [kdmflush]
  314 root         0 SW<  [bioset]
  315 root         0 SW<  [kverityd]
  316 root         0 SW<  [bioset]
  328 root         0 SW<  [kworker/0:1H]
  331 root         0 SW   [jbd2/mmcblk0p4-]
  332 root         0 SW<  [ext4-rsv-conver]
  363 root         0 SW   [jbd2/mmcblk0p3-]
  364 root         0 SW<  [ext4-rsv-conver]
  374 root      2880 S    /sbin/udevd -d
  424 root         0 SW   [kworker/u2:2]
  445 root         0 SW   [irq/293-remotep]
  719 root         0 SW   [kworker/0:0]
  742 root      2716 S    /sbin/syslogd -n -O /home/.ocs/log/syslog -s 20480 -
  745 root      2716 S    /sbin/klogd -n
  765 root     20452 S    /usr/bin/ocs-init
  766 root      4444 S    /usr/bin/ocslog-daemon
  829 root      4672 S    /usr/sbin/sshd
  833 rpc       2196 S    /usr/sbin/rpcbind
  838 rpcuser   2792 S    /usr/sbin/rpc.statd
  850 root         0 SW<  [nfsd4_callbacks]
  851 root         0 SW   [lockd]
  853 root         0 SW   [nfsd]
  854 root         0 SW   [nfsd]
  855 root         0 SW   [nfsd]
  856 root         0 SW   [nfsd]
  857 root         0 SW   [nfsd]
  858 root         0 SW   [nfsd]
  859 root         0 SW   [nfsd]
  860 root         0 SW   [nfsd]
  862 root      2816 S    /usr/sbin/rpc.mountd -f /etc/exports  -p 9000
  866 root      2288 S    /usr/sbin/in.tftpd-hpa -c -v -l -s /usr/srvroot/shar
  893 root      4160 S    /usr/bin/runtimewatchdog
  908 root     14688 S N  /usr/bin/ocsinventory_daemon
  910 root     50880 S N  /usr/bin/ocskafka_daemon
  912 root     73132 S N  /usr/bin/ocstelemetry_daemon
  914 root     24688 S N  /usr/bin/ocsarchive_daemon
  916 root      7080 S N  /usr/bin/ocspowerpolicy_daemon -L
  918 root      5988 S    /usr/bin/ocs-gpio monitor
  957 root      286m S    /usr/bin/ocs-itp -t itp
 1006 root      298m S    python /usr/bin/rackmanager/RackManager.py redfish
 1010 root      277m S    python /usr/bin/rackmanager/RackManager.py legacy
 1017 root      2716 S    /sbin/getty -L 115200 ttyS1
 1018 root      2716 S    /sbin/getty -L 115200 ttyS2
 1019 root      2716 S    /sbin/getty 38400 tty1
 1872 root      4800 S    sshd: root@pts/0
 1944 root     43516 S    {ocsshell.py} /usr/bin/python /usr/bin/ocscli/ocsshe
 2500 root      4800 S    sshd: root@notty
 2506 root      4800 S    sshd: root@internal-sftp
 3205 root      4800 S    sshd: root@notty
 3214 root     40136 S    {ocsshell.py} /usr/bin/python /usr/bin/ocscli/ocsshe
 3232 root      2760 S N  sh -c python -c "import sys; sys.path.append('/usr/l
 3233 root     13684 R N  python -c import sys; sys.path.append('/usr/lib/comm
 3277 root      2760 S N  sh -c python -c "import sys; sys.path.append('/usr/l
 3278 root     12912 R N  python -c import sys; sys.path.append('/usr/lib/comm
 3284 root      2784 S    {scandevice.sh} /bin/sh /usr/lib/commonapi/controls/
 3314 root      2760 S N  sh -c /usr/bin/ipmitool -I lan -H 172.17.0.61 -U adm
 3315 root      5312 R N  /usr/bin/ipmitool -I lan -H 172.17.0.61 -U admin -P
 3348 root      2784 S    {scandevice.sh} /bin/sh /usr/lib/commonapi/controls/
 3349 root      2956 R    ps
13685 root         0 SW   [kworker/0:1]
15047 root      4800 S    sshd: root@pts/1
15169 root     42588 S    {ocsshell.py} /usr/bin/python /usr/bin/ocscli/ocsshe
17640 root         0 SW   [kworker/u2:1]
25877 root      4800 S    sshd: root@notty
25895 root      4800 S    sshd: root@internal-sftp
29308 root         0 SW   [kworker/0:2]


Routing Table:
default via 10.10.10.101 dev eth0 
10.10.10.0/24 dev eth0  src 10.10.10.100 
172.17.0.0/24 via 172.17.0.201 dev eth1 
172.17.0.200/30 dev eth1  src 172.17.0.202 

ocsaudit_log_command Exception Command 'tty' returned non-zero exit status 1

Rack Manager Switch Link State
1 -> {'MACAddress': '6c:ec:5a:00:3e:8f', 'AdminState': Up, 'LinkState': Down}
2 -> {'MACAddress': '6c:ec:5a:00:3e:90', 'AdminState': Up, 'DHCPAddress': '172.17.0.5', 'DHCPLeaseState': Valid, 'LinkState': Up}
3 -> {'MACAddress': '6c:ec:5a:00:3e:91', 'AdminState': Up, 'LinkState': Down}
4 -> {'MACAddress': '6c:ec:5a:00:3e:92', 'AdminState': Up, 'LinkState': Down}
5 -> {'MACAddress': '6c:ec:5a:00:3e:93', 'AdminState': Up, 'LinkState': Down}
6 -> {'MACAddress': '6c:ec:5a:00:3e:94', 'AdminState': Up, 'LinkState': Down}
7 -> {'MACAddress': '6c:ec:5a:00:3e:95', 'AdminState': Up, 'DHCPAddress': '172.17.0.25', 'DHCPLeaseState': Valid, 'LinkState': Up}
8 -> {'MACAddress': '6c:ec:5a:00:3e:96', 'AdminState': Up, 'DHCPAddress': '172.17.0.29', 'DHCPLeaseState': Valid, 'LinkState': Up}
9 -> {'MACAddress': '6c:ec:5a:00:3e:97', 'AdminState': Up, 'DHCPAddress': '172.17.0.33', 'DHCPLeaseState': Valid, 'LinkState': Up}
10 -> {'MACAddress': '6c:ec:5a:00:3e:98', 'AdminState': Up, 'DHCPAddress': '172.17.0.37', 'DHCPLeaseState': Valid, 'LinkState': Up}
11 -> {'MACAddress': '6c:ec:5a:00:3e:99', 'AdminState': Up, 'LinkState': Down}
12 -> {'MACAddress': '6c:ec:5a:00:3e:9a', 'AdminState': Up, 'DHCPAddress': '172.17.0.45', 'DHCPLeaseState': Valid, 'LinkState': Up}
13 -> {'MACAddress': '6c:ec:5a:00:3e:9b', 'AdminState': Up, 'DHCPAddress': '172.17.0.49', 'DHCPLeaseState': Valid, 'LinkState': Up}
14 -> {'MACAddress': '6c:ec:5a:00:3e:9c', 'AdminState': Up, 'DHCPAddress': '172.17.0.53', 'DHCPLeaseState': Valid, 'LinkState': Up}
15 -> {'MACAddress': '6c:ec:5a:00:3e:9d', 'AdminState': Up, 'DHCPAddress': '172.17.0.57', 'DHCPLeaseState': Valid, 'LinkState': Up}
16 -> {'MACAddress': '6c:ec:5a:00:3e:9e', 'AdminState': Up, 'DHCPAddress': '172.17.0.61', 'DHCPLeaseState': Valid, 'LinkState': Up}
17 -> {'MACAddress': '6c:ec:5a:00:3e:9f', 'AdminState': Up, 'DHCPAddress': '172.17.0.65', 'DHCPLeaseState': Valid, 'LinkState': Up}
18 -> {'MACAddress': '6c:ec:5a:00:3e:a0', 'AdminState': Up, 'DHCPAddress': '172.17.0.69', 'DHCPLeaseState': Valid, 'LinkState': Up}
19 -> {'MACAddress': '6c:ec:5a:00:3e:a1', 'AdminState': Up, 'DHCPAddress': '172.17.0.73', 'DHCPLeaseState': Valid, 'LinkState': Up}
20 -> {'MACAddress': '6c:ec:5a:00:3e:a2', 'AdminState': Up, 'DHCPAddress': '172.17.0.77', 'DHCPLeaseState': Valid, 'LinkState': Up}
21 -> {'MACAddress': '6c:ec:5a:00:3e:a3', 'AdminState': Up, 'DHCPAddress': '172.17.0.81', 'DHCPLeaseState': Valid, 'LinkState': Up}
22 -> {'MACAddress': '6c:ec:5a:00:3e:a4', 'AdminState': Up, 'DHCPAddress': '172.17.0.85', 'DHCPLeaseState': Valid, 'LinkState': Up}
23 -> {'MACAddress': '6c:ec:5a:00:3e:a5', 'AdminState': Up, 'DHCPAddress': '172.17.0.89', 'DHCPLeaseState': Valid, 'LinkState': Up}
24 -> {'MACAddress': '6c:ec:5a:00:3e:a6', 'AdminState': Up, 'DHCPAddress': '172.17.0.93', 'DHCPLeaseState': Valid, 'LinkState': Up}
25 -> {'MACAddress': '6c:ec:5a:00:3e:a7', 'AdminState': Up, 'LinkState': Up}
26 -> {'MACAddress': '6c:ec:5a:00:3e:a8', 'AdminState': Up, 'LinkState': Down}
27 -> {'MACAddress': '6c:ec:5a:00:3e:a9', 'AdminState': Up, 'DHCPAddress': '172.17.0.105', 'DHCPLeaseState': Valid, 'LinkState': Up}
28 -> {'MACAddress': '6c:ec:5a:00:3e:aa', 'AdminState': Up, 'DHCPAddress': '172.17.0.109', 'DHCPLeaseState': Valid, 'LinkState': Up}
29 -> {'MACAddress': '6c:ec:5a:00:3e:ab', 'AdminState': Up, 'DHCPAddress': '172.17.0.113', 'DHCPLeaseState': Valid, 'LinkState': Up}
30 -> {'MACAddress': '6c:ec:5a:00:3e:ac', 'AdminState': Up, 'DHCPAddress': '172.17.0.117', 'DHCPLeaseState': Valid, 'LinkState': Up}
31 -> {'MACAddress': '6c:ec:5a:00:3e:ad', 'AdminState': Up, 'DHCPAddress': '172.17.0.121', 'DHCPLeaseState': Valid, 'LinkState': Up}
32 -> {'MACAddress': '6c:ec:5a:00:3e:ae', 'AdminState': Up, 'DHCPAddress': '172.17.0.125', 'DHCPLeaseState': Expired, 'LinkState': Down}
33 -> {'MACAddress': '6c:ec:5a:00:3e:af', 'AdminState': Up, 'DHCPAddress': '172.17.0.129', 'DHCPLeaseState': Valid, 'LinkState': Up}
34 -> {'MACAddress': '6c:ec:5a:00:3e:b0', 'AdminState': Up, 'DHCPAddress': '172.17.0.133', 'DHCPLeaseState': Valid, 'LinkState': Up}
35 -> {'MACAddress': '6c:ec:5a:00:3e:b1', 'AdminState': Up, 'LinkState': Down}
36 -> {'MACAddress': '6c:ec:5a:00:3e:b2', 'AdminState': Up, 'DHCPAddress': '172.17.0.141', 'DHCPLeaseState': Valid, 'LinkState': Up}
37 -> {'MACAddress': '6c:ec:5a:00:3e:b3', 'AdminState': Up, 'DHCPAddress': '172.17.0.145', 'DHCPLeaseState': Valid, 'LinkState': Up}
38 -> {'MACAddress': '6c:ec:5a:00:3e:b4', 'AdminState': Up, 'DHCPAddress': '172.17.0.149', 'DHCPLeaseState': Valid, 'LinkState': Up}
39 -> {'MACAddress': '6c:ec:5a:00:3e:b5', 'AdminState': Up, 'DHCPAddress': '172.17.0.153', 'DHCPLeaseState': Valid, 'LinkState': Up}
40 -> {'MACAddress': '6c:ec:5a:00:3e:b6', 'AdminState': Up, 'DHCPAddress': '172.17.0.157', 'DHCPLeaseState': Valid, 'LinkState': Up}
41 -> {'MACAddress': '6c:ec:5a:00:3e:b7', 'AdminState': Up, 'DHCPAddress': '172.17.0.161', 'DHCPLeaseState': Valid, 'LinkState': Up}
42 -> {'MACAddress': '6c:ec:5a:00:3e:b8', 'AdminState': Up, 'DHCPAddress': '172.17.0.165', 'DHCPLeaseState': Valid, 'LinkState': Up}
43 -> {'MACAddress': '6c:ec:5a:00:3e:b9', 'AdminState': Up, 'DHCPAddress': '172.17.0.169', 'DHCPLeaseState': Valid, 'LinkState': Up}
44 -> {'MACAddress': '6c:ec:5a:00:3e:ba', 'AdminState': Up, 'LinkState': Down}
45 -> {'MACAddress': '6c:ec:5a:00:3e:bb', 'AdminState': Up, 'LinkState': Down}
46 -> {'MACAddress': '6c:ec:5a:00:3e:bc', 'AdminState': Up, 'LinkState': Down}
47 -> {'MACAddress': '6c:ec:5a:00:3e:bd', 'AdminState': Up, 'LinkState': Down}
48 -> {'MACAddress': '6c:ec:5a:00:3e:be', 'AdminState': Up, 'LinkState': Down}
    Completion Code: Success
Exiting..


Version Information:
 
--------------------------------------------------------
  Microsoft OCS Rack Manager software version summary
 
  Package version    : 1.1.18.3
 
  Rootfs version     : 1.1.18.3
  U-Boot version     : 1.1.5.1
  Kernel version     : 1.1.18.3
  Devicetree version : 1.1.18.3
 
  PRU FW version     : 0.16
 
--------------------------------------------------------
 


Network Interfaces:
# /etc/network/interfaces -- configuration file for ifup(8), ifdown(8)
 
# The loopback interface
auto lo
iface lo inet loopback

# Wired or wireless interfaces
iface eth0 inet static
	address 10.10.10.100
	netmask 255.255.255.0
	gateway 10.10.10.101

# BMC Mgmt SW port 25
iface eth1 inet static
	address 172.17.0.202
	netmask 255.255.255.252
	up /sbin/ip route add 172.17.0.0/24 via 172.17.0.201 || true


Network Interfaces Configuration:
eth0      Link encap:Ethernet  HWaddr f0:1d:bc:fd:21:2c  
          inet addr:10.10.10.100  Bcast:10.10.10.255  Mask:255.255.255.0
          inet6 addr: fe80::f21d:bcff:fefd:212c/64 Scope:Link
          UP BROADCAST RUNNING MULTICAST  MTU:1500  Metric:1
          RX packets:111445 errors:0 dropped:0 overruns:0 frame:0
          TX packets:137111 errors:0 dropped:0 overruns:0 carrier:0
          collisions:0 txqueuelen:1000 
          RX bytes:15894738 (15.1 MiB)  TX bytes:58707866 (55.9 MiB)
          Interrupt:47 

eth1      Link encap:Ethernet  HWaddr f0:1d:bc:fd:21:2d  
          inet addr:172.17.0.202  Bcast:172.17.0.203  Mask:255.255.255.252
          inet6 addr: fe80::f21d:bcff:fefd:212d/64 Scope:Link
          UP BROADCAST RUNNING MULTICAST  MTU:1500  Metric:1
          RX packets:12803866 errors:0 dropped:0 overruns:0 frame:0
          TX packets:12709691 errors:0 dropped:0 overruns:0 carrier:0
          collisions:0 txqueuelen:1000 
          RX bytes:1059622611 (1010.5 MiB)  TX bytes:869068736 (828.8 MiB)

lo        Link encap:Local Loopback  
          inet addr:127.0.0.1  Mask:255.0.0.0
          inet6 addr: ::1/128 Scope:Host
          UP LOOPBACK RUNNING  MTU:65536  Metric:1
          RX packets:2 errors:0 dropped:0 overruns:0 frame:0
          TX packets:2 errors:0 dropped:0 overruns:0 carrier:0
          collisions:0 txqueuelen:1 
          RX bytes:140 (140.0 B)  TX bytes:140 (140.0 B)


Kernel Debug Messages:
[    0.000000] Booting Linux on physical CPU 0x0
[    0.000000] Initializing cgroup subsys cpu
[    0.000000] Initializing cgroup subsys cpuacct
[    0.000000] Linux version 4.4.57-MS_OCS_RM_1.1.18.3-ga5602579fd (prvelpur1035@prvelpur1035) (gcc version 5.3.0 (GCC) ) #1 PREEMPT Fri Jul 17 14:19:32 PDT 2020
[    0.000000] CPU: ARMv7 Processor [412fc09a] revision 10 (ARMv7), cr=10c53c7d
[    0.000000] CPU: PIPT / VIPT nonaliasing data cache, VIPT aliasing instruction cache
[    0.000000] Machine model: MS_OCS_RM_1.1.18.3
[    0.000000] cma: Reserved 48 MiB at 0xbd000000
[    0.000000] Memory policy: Data cache writeback
[    0.000000] On node 0 totalpages: 262144
[    0.000000] free_area_init_node: node 0, pgdat c08c15d8, node_mem_map ef6f9000
[    0.000000]   Normal zone: 1728 pages used for memmap
[    0.000000]   Normal zone: 0 pages reserved
[    0.000000]   Normal zone: 196608 pages, LIFO batch:31
[    0.000000]   HighMem zone: 65536 pages, LIFO batch:15
[    0.000000] CPU: All CPU(s) started in SVC mode.
[    0.000000] AM437x ES1.2 (neon )
[    0.000000] pcpu-alloc: s0 r0 d32768 u32768 alloc=1*32768
[    0.000000] pcpu-alloc: [0] 0 
[    0.000000] Built 1 zonelists in Zone order, mobility grouping on.  Total pages: 260416
[    0.000000] Kernel command line: console=ttyO1,115200n8 bootmedium=QSPI serverip= msocsbootver=-MS_OCS_RM_1.1.5.1 fwup=active bootsrc=NORMAL root=/dev/mtdblock5 ro verity=/dev/mtdblock4 rootfstype=squashfs rootwait=1 verity_disable=0 verity_version=1 verity_blocks=7113 verity_data_block=4096 verity_hash_block=4096 verity_algo=sha256 verity_salt=c4303dfc131f168ab5f884860ae53517da80221ba22c355e3db6000fa1ee8187 verity_root_hash=414e76d9ff8cb4cc7b1ce7b35cfc2e79d4b1999c1ea1d947f59bc4f4a6ae1b5d
[    0.000000] PID hash table entries: 4096 (order: 2, 16384 bytes)
[    0.000000] Dentry cache hash table entries: 131072 (order: 7, 524288 bytes)
[    0.000000] Inode-cache hash table entries: 65536 (order: 6, 262144 bytes)
[    0.000000] Memory: 975680K/1048576K available (6215K kernel code, 326K rwdata, 2140K rodata, 256K init, 256K bss, 23744K reserved, 49152K cma-reserved, 212992K highmem)
[    0.000000] Virtual kernel memory layout:
[    0.000000]     vector  : 0xffff0000 - 0xffff1000   (   4 kB)
[    0.000000]     fixmap  : 0xffc00000 - 0xfff00000   (3072 kB)
[    0.000000]     vmalloc : 0xf0800000 - 0xff800000   ( 240 MB)
[    0.000000]     lowmem  : 0xc0000000 - 0xf0000000   ( 768 MB)
[    0.000000]     pkmap   : 0xbfe00000 - 0xc0000000   (   2 MB)
[    0.000000]     modules : 0xbf000000 - 0xbfe00000   (  14 MB)
[    0.000000]       .text : 0xc0008000 - 0xc0831004   (8357 kB)
[    0.000000]       .init : 0xc0832000 - 0xc0872000   ( 256 kB)
[    0.000000]       .data : 0xc0872000 - 0xc08c3958   ( 327 kB)
[    0.000000]        .bss : 0xc08c3958 - 0xc0903b60   ( 257 kB)
[    0.000000] SLUB: HWalign=64, Order=0-3, MinObjects=0, CPUs=1, Nodes=1
[    0.000000] Preemptible hierarchical RCU implementation.
[    0.000000] 	Build-time adjustment of leaf fanout to 32.
[    0.000000] NR_IRQS:16 nr_irqs:16 16
[    0.000000] L2C: platform modifies aux control register: 0x0e030000 -> 0x3e430000
[    0.000000] L2C: DT/platform modifies aux control register: 0x0e030000 -> 0x3e430000
[    0.000000] L2C-310 enabling early BRESP for Cortex-A9
[    0.000000] OMAP L2C310: ROM does not support power control setting
[    0.000000] L2C-310 dynamic clock gating disabled, standby mode disabled
[    0.000000] L2C-310 cache controller enabled, 16 ways, 256 kB
[    0.000000] L2C-310: CACHE_ID 0x410000c9, AUX_CTRL 0x4e430000
[    0.000000] OMAP clockevent source: timer2 at 24000000 Hz
[    0.000010] sched_clock: 32 bits at 24MHz, resolution 41ns, wraps every 89478484971ns
[    0.000026] clocksource: timer1: mask: 0xffffffff max_cycles: 0xffffffff, max_idle_ns: 79635851949 ns
[    0.000035] OMAP clocksource: timer1 at 24000000 Hz
[    0.000378] clocksource: 32k_counter: mask: 0xffffffff max_cycles: 0xffffffff, max_idle_ns: 58327039986419 ns
[    0.000388] OMAP clocksource: 32k_counter at 32768 Hz
[    0.000719] Console: colour dummy device 80x30
[    0.000750] WARNING: Your 'console=ttyO1' has been replaced by 'ttyS1'
[    0.000755] This ensures that you still see kernel messages. Please
[    0.000759] update your kernel commandline.
[    0.000775] Calibrating delay loop... 1987.37 BogoMIPS (lpj=9936896)
[    0.060160] pid_max: default: 32768 minimum: 301
[    0.060271] Mount-cache hash table entries: 2048 (order: 1, 8192 bytes)
[    0.060281] Mountpoint-cache hash table entries: 2048 (order: 1, 8192 bytes)
[    0.060938] Initializing cgroup subsys io
[    0.060966] Initializing cgroup subsys memory
[    0.061003] Initializing cgroup subsys devices
[    0.061015] Initializing cgroup subsys freezer
[    0.061028] Initializing cgroup subsys perf_event
[    0.061039] Initializing cgroup subsys pids
[    0.061067] CPU: Testing write buffer coherency: ok
[    0.061428] Setting up static identity map for 0x80008200 - 0x80008260
[    0.062793] devtmpfs: initialized
[    0.073109] VFP support v0.3: implementor 41 architecture 3 part 30 variant 9 rev 4
[    0.098532] omap_hwmod: adc1: _wait_target_disable failed
[    0.152685] clocksource: jiffies: mask: 0xffffffff max_cycles: 0xffffffff, max_idle_ns: 19112604462750000 ns
[    0.152712] futex hash table entries: 256 (order: -1, 3072 bytes)
[    0.156125] pinctrl core: initialized pinctrl subsystem
[    0.157279] NET: Registered protocol family 16
[    0.158720] DMA: preallocated 256 KiB pool for atomic coherent allocations
[    0.180172] cpuidle: using governor ladder
[    0.210162] cpuidle: using governor menu
[    0.212078] omap_l3_noc 44000000.ocp: L3 debug error: target 8 mod:0 (unclearable)
[    0.212135] omap_l3_noc 44000000.ocp: L3 application error: target 8 mod:0 (unclearable)
[    0.215465] omap_gpio 44e07000.gpio: could not find pctldev for node /ocp/l4_wkup@44c00000/scm@210000/pinmux@800/gpio0_pins, deferring probe
[    0.215693] omap_gpio 4804c000.gpio: could not find pctldev for node /ocp/l4_wkup@44c00000/scm@210000/pinmux@800/gpio1_pins, deferring probe
[    0.215915] omap_gpio 481ac000.gpio: could not find pctldev for node /ocp/l4_wkup@44c00000/scm@210000/pinmux@800/gpio2_pins, deferring probe
[    0.216125] omap_gpio 481ae000.gpio: could not find pctldev for node /ocp/l4_wkup@44c00000/scm@210000/pinmux@800/gpio3_pins, deferring probe
[    0.216327] omap_gpio 48320000.gpio: could not find pctldev for node /ocp/l4_wkup@44c00000/scm@210000/pinmux@800/gpio4_pins, deferring probe
[    0.216538] omap_gpio 48322000.gpio: could not find pctldev for node /ocp/l4_wkup@44c00000/scm@210000/pinmux@800/gpio5_pins, deferring probe
[    0.221376] hw-breakpoint: found 5 (+1 reserved) breakpoint and 1 watchpoint registers.
[    0.221392] hw-breakpoint: maximum watchpoint size is 4 bytes.
[    0.256328] edma 49000000.edma: TI EDMA DMA engine driver
[    0.256668] of_get_named_gpiod_flags: can't parse 'gpio' property of node '/fixedregulator-sd[0]'
[    0.258897] omap_i2c 44e0b000.i2c: could not find pctldev for node /ocp/l4_wkup@44c00000/scm@210000/pinmux@800/i2c0_pins, deferring probe
[    0.258946] omap_i2c 4802a000.i2c: could not find pctldev for node /ocp/l4_wkup@44c00000/scm@210000/pinmux@800/i2c1_pins, deferring probe
[    0.259053] pps_core: LinuxPPS API ver. 1 registered
[    0.259060] pps_core: Software ver. 5.3.6 - Copyright 2005-2007 Rodolfo Giometti <giometti@linux.it>
[    0.259087] PTP clock support registered
[    0.259151] EDAC MC: Ver: 3.0.0
[    0.260072] omap-mailbox 480c8000.mailbox: omap mailbox rev 0x400
[    0.261441] clocksource: Switched to clocksource timer1
[    0.269506] NET: Registered protocol family 2
[    0.270129] TCP established hash table entries: 8192 (order: 3, 32768 bytes)
[    0.270260] TCP bind hash table entries: 8192 (order: 3, 32768 bytes)
[    0.270335] TCP: Hash tables configured (established 8192 bind 8192)
[    0.270480] UDP hash table entries: 512 (order: 1, 8192 bytes)
[    0.270503] UDP-Lite hash table entries: 512 (order: 1, 8192 bytes)
[    0.270661] NET: Registered protocol family 1
[    0.271006] RPC: Registered named UNIX socket transport module.
[    0.271019] RPC: Registered udp transport module.
[    0.271025] RPC: Registered tcp transport module.
[    0.271030] RPC: Registered tcp NFSv4.1 backchannel transport module.
[    0.271062] PCI: CLS 0 bytes, default 64
[    0.271680] Unpacking initramfs...
[    0.568240] Freeing initrd memory: 4252K (cfbd9000 - d0000000)
[    0.576767] squashfs: version 4.0 (2009/01/31) Phillip Lougher
[    0.577392] NFS: Registering the id_resolver key type
[    0.577442] Key type id_resolver registered
[    0.577448] Key type id_legacy registered
[    0.577469] Installing knfsd (copyright (C) 1996 okir@monad.swb.de).
[    0.578112] ntfs: driver 2.1.32 [Flags: R/O].
[    0.578323] jffs2: version 2.2. (NAND) (SUMMARY)  Â© 2001-2006 Red Hat, Inc.
[    0.582590] bounce: pool size: 64 pages
[    0.582825] Block layer SCSI generic (bsg) driver version 0.4 loaded (major 248)
[    0.582847] io scheduler noop registered
[    0.582859] io scheduler deadline registered
[    0.582900] io scheduler cfq registered (default)
[    0.584356] pinctrl-single 44e10800.pinmux: 199 pins at pa f9e10800 size 796
[    0.629476] Serial: 8250/16550 driver, 10 ports, IRQ sharing disabled
[    0.631891] omap8250 44e09000.serial: No clock speed specified: using default: 48000000
[    0.632575] 44e09000.serial: ttyS0 at MMIO 0x44e09000 (irq = 30, base_baud = 3000000) is a 8250
[    0.632975] omap8250 48022000.serial: No clock speed specified: using default: 48000000
[    0.633542] console [ttyS1] disabled
[    0.633601] 48022000.serial: ttyS1 at MMIO 0x48022000 (irq = 31, base_baud = 3000000) is a 8250
[    1.441637] console [ttyS1] enabled
[    1.445524] omap8250 48024000.serial: No clock speed specified: using default: 48000000
[    1.454152] 48024000.serial: ttyS2 at MMIO 0x48024000 (irq = 32, base_baud = 3000000) is a 8250
[    1.469147] loop: module loaded
[    1.475503] m25p80 spi32766.0: mx66l51235l (65536 Kbytes)
[    1.480940] 6 ofpart partitions found on MTD device spi32766.0
[    1.486867] Creating 6 MTD partitions on "spi32766.0":
[    1.492029] 0x000000000000-0x000000090000 : "QSPI.U-BOOT"
[    1.498397] 0x000000090000-0x000000100000 : "QSPI.U-BOOT-backup"
[    1.505290] 0x000000100000-0x000000110000 : "QSPI.U-BOOT-env"
[    1.511942] 0x000000110000-0x000001110000 : "QSPI.KERNEL-zImage"
[    1.518749] 0x000001110000-0x000001310000 : "QSPI.VERITY"
[    1.525007] 0x000001310000-0x000004000000 : "QSPI.FILESYSTEM"
[    1.532859] libphy: Fixed MDIO Bus: probed
[    1.601497] davinci_mdio 4a101000.mdio: davinci mdio revision 1.6
[    1.607592] davinci_mdio 4a101000.mdio: detected phy mask fffffff9
[    1.623728] libphy: 4a101000.mdio: probed
[    1.627757] davinci_mdio 4a101000.mdio: phy[1]: device 4a101000.mdio:01, driver Micrel KSZ9031 Gigabit PHY
[    1.637499] davinci_mdio 4a101000.mdio: phy[2]: device 4a101000.mdio:02, driver Micrel KSZ9031 Gigabit PHY
[    1.648004] cpsw 4a100000.ethernet: Detected MACID = f0:1d:bc:fd:21:2c
[    1.654737] cpsw 4a100000.ethernet: cpts: overflow check period 850
[    1.661669] cpsw 4a100000.ethernet: cpsw: Detected MACID = f0:1d:bc:fd:21:2d
[    1.669949] mousedev: PS/2 mouse device common for all mice
[    1.676065] i2c /dev entries driver
[    1.680796] device-mapper: ioctl: 4.34.0-ioctl (2015-10-28) initialised: dm-devel@redhat.com
[    1.689701] cpuidle: enable-method property 'ti,am4372' found operations
[    1.697133] omap_hsmmc 481d8000.mmc: GPIO lookup for consumer cd
[    1.697147] omap_hsmmc 481d8000.mmc: using device tree for GPIO lookup
[    1.697159] of_get_named_gpiod_flags: can't parse 'cd-gpios' property of node '/ocp/mmc@481d8000[0]'
[    1.697167] of_get_named_gpiod_flags: can't parse 'cd-gpio' property of node '/ocp/mmc@481d8000[0]'
[    1.697175] omap_hsmmc 481d8000.mmc: using lookup tables for GPIO lookup
[    1.697184] omap_hsmmc 481d8000.mmc: lookup for GPIO cd failed
[    1.697193] omap_hsmmc 481d8000.mmc: GPIO lookup for consumer wp
[    1.697200] omap_hsmmc 481d8000.mmc: using device tree for GPIO lookup
[    1.697207] of_get_named_gpiod_flags: can't parse 'wp-gpios' property of node '/ocp/mmc@481d8000[0]'
[    1.697214] of_get_named_gpiod_flags: can't parse 'wp-gpio' property of node '/ocp/mmc@481d8000[0]'
[    1.697220] omap_hsmmc 481d8000.mmc: using lookup tables for GPIO lookup
[    1.697227] omap_hsmmc 481d8000.mmc: lookup for GPIO wp failed
[    1.732068] of_get_named_gpiod_flags: parsed 'gpios' property of node '/leds/led@0[0]' - status (-517)
[    1.735488] ledtrig-cpu: registered to indicate activity on CPUs
[    1.742172]  remoteproc0: wkup_m3 is available
[    1.746671]  remoteproc0: Note: remoteproc is still under development and considered experimental.
[    1.755684]  remoteproc0: THE BINARY FORMAT IS NOT YET FINALIZED, and backward compatibility isn't yet guaranteed.
[    1.766206]  remoteproc0: Direct firmware load for am335x-pm-firmware.elf failed with error -2
[    1.779796] 20160704: Config ADC1 registers
[    1.784084]  remoteproc0: failed to load am335x-pm-firmware.elf
[    1.790005] === Starting initial ADC ===
[    1.793959] PRCMCMCLKSELADC1CLK:0x0
[    1.797437] ADC1CLKCTRL:0x2
[    1.800220] ADC1CTRL:0x66
[    1.802860] ADC1SYSCONFIG:0x0
[    1.805833] ADC1Clk:0x7
[    1.808291] ADC1STEPCONFIG1:0x11
[    1.811539] ADC1STEPCONFIG2:0x80011
[    1.815034] ADC1STEPCONFIG3:0x100011
[    1.818640] ADC1STEPCONFIG4:0x180011
[    1.822224] ADC1STEPCONFIG5:0x200011
[    1.825787] ADC1STEPCONFIG6:0x280011
[    1.829382] mmc0: MAN_BKOPS_EN bit is not set
[    1.833747] ADC1STEPEN:0x7E
[    1.836531] ADC1IRQENSET:0x2
[    1.839400] ADC1CTRL:0x67
[    1.843301] NET: Registered protocol family 10
[    1.848062] mmc0: new high speed MMC card at address 0001
[    1.854481] sit: IPv6 over IPv4 tunneling driver
[    1.859695] NET: Registered protocol family 17
[    1.864790] mmcblk0: mmc0:0001 8GME4R 7.28 GiB 
[    1.869586] mmcblk0boot0: mmc0:0001 8GME4R partition 1 4.00 MiB
[    1.875882] Key type dns_resolver registered
[    1.880411] omap_voltage_late_init: Voltage driver support not added
[    1.887116] mmcblk0boot1: mmc0:0001 8GME4R partition 2 4.00 MiB
[    1.894104]  mmcblk0: p1 p2 p3 p4
[    1.901826] gpiochip_add: registered GPIOs 0 to 31 on device: gpio
[    1.902239] OMAP GPIO hardware version 0.1
[    1.906747] gpiochip_add: registered GPIOs 32 to 63 on device: gpio
[    1.907317] gpiochip_add: registered GPIOs 64 to 95 on device: gpio
[    1.907858] gpiochip_add: registered GPIOs 96 to 127 on device: gpio
[    1.908410] gpiochip_add: registered GPIOs 128 to 159 on device: gpio
[    1.908931] gpiochip_add: registered GPIOs 160 to 191 on device: gpio
[    1.938298] at24 0-0050: 8192 byte 24c64 EEPROM, writable, 1 bytes/write
[    1.946707] gpiochip_find_base: found new base at 496
[    1.946805] gpiochip_add: registered GPIOs 496 to 511 on device: pca9535
[    1.946817] pca953x 0-0020: interrupt support not compiled in
[    1.952770] omap_i2c 44e0b000.i2c: bus 0 rev0.12 at 100 kHz
[    1.971618] pca953x 1-0021: failed reading register
[    1.976511] pca953x: probe of 1-0021 failed with error -121
[    1.982359] at24 1-0050: 8192 byte 24c64 EEPROM, writable, 1 bytes/write
[    1.989192] at24 1-0051: 8192 byte 24c64 EEPROM, writable, 1 bytes/write
[    1.996125] at24 1-0052: 8192 byte 24c64 EEPROM, writable, 1 bytes/write
[    2.003005] pca954x 1-0070: GPIO lookup for consumer reset
[    2.003014] pca954x 1-0070: using device tree for GPIO lookup
[    2.003025] of_get_named_gpiod_flags: can't parse 'reset-gpios' property of node '/ocp/i2c@4802a000/mux@70[0]'
[    2.003032] of_get_named_gpiod_flags: can't parse 'reset-gpio' property of node '/ocp/i2c@4802a000/mux@70[0]'
[    2.003040] pca954x 1-0070: using lookup tables for GPIO lookup
[    2.003048] pca954x 1-0070: lookup for GPIO reset failed
[    2.003196] pca954x 1-0070: probe failed
[    2.007157] omap_i2c 4802a000.i2c: bus 1 rev0.12 at 100 kHz
[    2.013192] of_get_named_gpiod_flags: parsed 'gpios' property of node '/leds/led@0[0]' - status (0)
[    2.014820] hctosys: unable to open rtc device (rtc0)
[    2.025005] Freeing unused kernel memory: 256K (c0832000 - c0872000)
[    2.031355] This architecture does not have kernel memory protection.
[    3.504958] EXT4-fs (mmcblk0p4): recovery complete
[    3.510173] EXT4-fs (mmcblk0p4): mounted filesystem with ordered data mode. Opts: (null)
[    4.522958] EXT4-fs (mmcblk0p3): mounted filesystem with ordered data mode. Opts: (null)
[    4.770813] udevd[373]: starting version 3.1.5
[    4.790989] random: udevd: uninitialized urandom read (16 bytes read, 100 bits of entropy available)
[    4.800570] random: udevd: uninitialized urandom read (16 bytes read, 100 bits of entropy available)
[    4.809993] random: udevd: uninitialized urandom read (16 bytes read, 100 bits of entropy available)
[    5.170190] omap_rtc 44e3e000.rtc: already running
[    5.229372] rtc rtc0: 44e3e000.rtc: dev (254:0)
[    5.229413] omap_rtc 44e3e000.rtc: rtc core: registered 44e3e000.rtc as rtc0
[    5.288530] omap_wdt: OMAP Watchdog Timer Rev 0x01: initial timeout 60 sec
[    5.405724] omap_rng 48310000.rng: OMAP Random Number Generator ver. 20
[    5.540285] omap-aes 53501000.aes: OMAP AES hw accel rev: 0.1
[    5.641297] alg: skcipher: Failed to load transform for ecb-aes-omap: -2
[    5.711112] omap_aes_gcm_cra_init: could not load aes driver for encrypting IV
[    5.736054] alg: aead: Failed to load transform for gcm-aes-omap: -2
[    5.800321] omap_aes_gcm_cra_init: could not load aes driver for encrypting IV
[    5.822510] alg: aead: Failed to load transform for rfc4106-gcm-aes-omap: -2
[    5.852424] omap-des 53701000.des: OMAP DES hw accel rev: 0.33
[    5.867550] alg: skcipher: setkey failed on test 5 for ecb-des-omap: flags=100
[    5.892510] alg: skcipher-ddst: setkey failed on test 5 for ecb-des-omap: flags=100
[    5.924364] alg: skcipher-ddst: setkey failed on test 5 for ecb-des-omap: flags=100
[    5.987228] ti-pruss 54400000.pruss: creating PRU cores and other child platform devices
[    5.995734] omap-sham 53100000.sham: hw accel on OMAP rev 0.0
[    6.030925] omap_sham_cra_init_alg: omap-sham: fallback driver 'sha1' could not be loaded.
[    6.048932] irq: no irq domain found for /ocp/pruss_wrapper@54426000/pruss@54400000/intc@54420000 !
[    6.066650] alg: hash: Failed to load transform for omap-sha1: -2
[    6.096540] irq: no irq domain found for /ocp/pruss_wrapper@54426000/pruss@54400000/intc@54420000 !
[    6.118376] omap_sham_cra_init_alg: omap-sham: fallback driver 'md5' could not be loaded.
[    6.126645] random: nonblocking pool is initialized
[    6.169393]  remoteproc1: 54434000.pru0 is available
[    6.176155] alg: hash: Failed to load transform for omap-md5: -2
[    6.216180]  remoteproc1: Note: remoteproc is still under development and considered experimental.
[    6.254057] omap_sham_cra_init_alg: omap-sham: fallback driver 'hmac(sha1)' could not be loaded.
[    6.267441]  remoteproc1: THE BINARY FORMAT IS NOT YET FINALIZED, and backward compatibility isn't yet guaranteed.
[    6.292175] alg: hash: Failed to load transform for omap-hmac-sha1: -2
[    6.333888] pru-rproc 54434000.pru0: booting the PRU core manually
[    6.340082]  remoteproc1: powering up 54434000.pru0
[    6.370939] omap_sham_cra_init_alg: omap-sham: fallback driver 'hmac(md5)' could not be loaded.
[    6.390931]  remoteproc1: Booting fw image am437x-pru1_0-fw, size 114992
[    6.406413] alg: hash: Failed to load transform for omap-hmac-md5: -2
[    6.425319]  remoteproc1: remote processor 54434000.pru0 is now up
[    6.451780] pru-rproc 54434000.pru0: PRU rproc node /ocp/pruss_wrapper@54426000/pruss@54400000/pru0@54434000 probed successfully
[    6.488061] omap_sham_cra_init_alg: omap-sham: fallback driver 'hmac(sha224)' could not be loaded.
[    6.517213]  remoteproc2: 54438000.pru1 is available
[    6.522354] alg: hash: Failed to load transform for omap-hmac-sha224: -2
[    6.544511]  remoteproc2: Note: remoteproc is still under development and considered experimental.
[    6.581311] omap_sham_cra_init_alg: omap-sham: fallback driver 'hmac(sha256)' could not be loaded.
[    6.599980]  remoteproc2: THE BINARY FORMAT IS NOT YET FINALIZED, and backward compatibility isn't yet guaranteed.
[    6.620594] alg: hash: Failed to load transform for omap-hmac-sha256: -2
[    6.663190]  remoteproc2: registered virtio0 (type 7)
[    6.668317] pru-rproc 54438000.pru1: PRU rproc node /ocp/pruss_wrapper@54426000/pruss@54400000/pru1@54438000 probed successfully
[    6.687581] omap_sham_cra_init_alg: omap-sham: fallback driver 'sha384' could not be loaded.
[    6.715946] alg: hash: Failed to load transform for omap-sha384: -2
[    6.760251] omap_sham_cra_init_alg: omap-sham: fallback driver 'sha512' could not be loaded.
[    6.784162] alg: hash: Failed to load transform for omap-sha512: -2
[    6.806435]  remoteproc2: powering up 54438000.pru1
[    6.816822]  remoteproc2: Booting fw image am437x-pru1_1-fw, size 91096
[    6.828155] omap_sham_cra_init_alg: omap-sham: fallback driver 'hmac(sha384)' could not be loaded.
[    6.837485] ti-pruss 54400000.pruss: configured system_events = 0x00000000000c0000 intr_channels = 0x0000000a host_intr = 0x0000000a
[    6.849509] alg: hash: Failed to load transform for omap-hmac-sha384: -2
[    6.856557]  remoteproc2: remote processor 54438000.pru1 is now up
[    6.867660] virtio_rpmsg_bus virtio0: creating channel rpmsg-pru addr 0x1f
[    6.875177] virtio_rpmsg_bus virtio0: rpmsg host is online
[    6.885381] omap_sham_cra_init_alg: omap-sham: fallback driver 'hmac(sha512)' could not be loaded.
[    6.899579] rpmsg_pru rpmsg0: new rpmsg_pru device: /dev/rpmsg_pru31
[    6.907830] alg: hash: Failed to load transform for omap-hmac-sha512: -2
[    9.767722] ip_tables: (C) 2000-2006 Netfilter Core Team
[    9.795179] ip6_tables: (C) 2000-2006 Netfilter Core Team
[    9.845712] nf_conntrack version 0.5.0 (16083 buckets, 64332 max)
[   10.787426] NFSD: Using /var/lib/nfs/v4recovery as the NFSv4 state recovery directory
[   10.795420] NFSD: starting 90-second grace period (net c08bab28)
[   12.879755] net eth0: initializing cpsw version 1.15 (0)
[   12.879793] net eth0: initialized cpsw ale version 1.4
[   12.879802] net eth0: ALE Table size 1024
[   12.963017] net eth0: phy found : id is : 0x221622
[   12.969054] IPv6: ADDRCONF(NETDEV_UP): eth0: link is not ready
[   13.629387] net eth1: initializing cpsw version 1.15 (0)
[   13.702986] net eth1: phy found : id is : 0x221622
[   13.705915] IPv6: ADDRCONF(NETDEV_UP): eth1: link is not ready
[   14.032499] gpio-mon: Starting gpio monitor module from PID=-1
[   14.032591] gpio-mon: Port 1 is mapped to IRQ: 177
[   14.032711] gpio-mon: Port 2 is mapped to IRQ: 178
[   14.032808] gpio-mon: Port 3 is mapped to IRQ: 180
[   14.032906] gpio-mon: Port 4 is mapped to IRQ: 161
[   14.033005] gpio-mon: Port 5 is mapped to IRQ: 162
[   14.033119] gpio-mon: Port 6 is mapped to IRQ: 163
[   14.033204] gpio-mon: Port 7 is mapped to IRQ: 164
[   14.033303] gpio-mon: Port 8 is mapped to IRQ: 165
[   14.033346] gpio-mon: Port 9 is mapped to IRQ: 115
[   14.033402] gpio-mon: Port 10 is mapped to IRQ: 167
[   14.033501] gpio-mon: Port 11 is mapped to IRQ: 168
[   14.033600] gpio-mon: Port 12 is mapped to IRQ: 169
[   14.033699] gpio-mon: Port 13 is mapped to IRQ: 170
[   14.033798] gpio-mon: Port 14 is mapped to IRQ: 171
[   14.033897] gpio-mon: Port 15 is mapped to IRQ: 172
[   14.033930] gpio-mon: Port 16 is mapped to IRQ: 99
[   14.034004] gpio-mon: Port 17 is mapped to IRQ: 100
[   14.034072] gpio-mon: Port 18 is mapped to IRQ: 101
[   14.034146] gpio-mon: Port 19 is mapped to IRQ: 102
[   14.034219] gpio-mon: Port 20 is mapped to IRQ: 98
[   14.034252] gpio-mon: Port 21 is mapped to IRQ: 151
[   14.034286] gpio-mon: Port 22 is mapped to IRQ: 282
[   14.034317] gpio-mon: Port 23 is mapped to IRQ: 211
[   14.034460] gpio-mon: Port 24 is mapped to IRQ: 209
[   14.034558] gpio-mon: Port 25 is mapped to IRQ: 210
[   14.034658] gpio-mon: Port 26 is mapped to IRQ: 212
[   14.034697] gpio-mon: Port 27 is mapped to IRQ: 223
[   14.034824] gpio-mon: Port 28 is mapped to IRQ: 220
[   14.034923] gpio-mon: Port 29 is mapped to IRQ: 219
[   14.034948] gpio-mon: Port 30 is mapped to IRQ: 270
[   14.035021] gpio-mon: Port 31 is mapped to IRQ: 271
[   14.035046] gpio-mon: Port 32 is mapped to IRQ: 243
[   14.035120] gpio-mon: Port 33 is mapped to IRQ: 244
[   14.035220] gpio-mon: Port 34 is mapped to IRQ: 245
[   14.035319] gpio-mon: Port 35 is mapped to IRQ: 246
[   14.035418] gpio-mon: Port 36 is mapped to IRQ: 247
[   14.035517] gpio-mon: Port 37 is mapped to IRQ: 248
[   14.035623] gpio-mon: Port 38 is mapped to IRQ: 233
[   14.035650] gpio-mon: Port 39 is mapped to IRQ: 156
[   14.035674] gpio-mon: Port 40 is mapped to IRQ: 281
[   14.035716] gpio-mon: Port 41 is mapped to IRQ: 224
[   14.035816] gpio-mon: Port 42 is mapped to IRQ: 225
[   14.035914] gpio-mon: Port 43 is mapped to IRQ: 230
[   14.035938] gpio-mon: Port 44 is mapped to IRQ: 208
[   14.036014] gpio-mon: Port 45 is mapped to IRQ: 205
[   14.036112] gpio-mon: Port 46 is mapped to IRQ: 206
[   14.036212] gpio-mon: Port 47 is mapped to IRQ: 207
[   14.036237] gpio-mon: Port 48 is mapped to IRQ: 222
[   14.036243] gpio-mon: The interrupt request rc is: 0
[   14.603268] gpio-mon: Event on Port 18, siginfo 18
[   14.603293] gpio-mon: Event on Port 9, siginfo 9
[   14.604621] gpio-mon: Event on Port 39, siginfo 39
[   14.604631] gpio-mon: Event on Port 4, siginfo 260
[   14.604640] gpio-mon: Event on Port 6, siginfo 262
[   14.604647] gpio-mon: Event on Port 7, siginfo 7
[   14.604655] gpio-mon: Event on Port 8, siginfo 8
[   14.604664] gpio-mon: Event on Port 1, siginfo 257
[   14.604671] gpio-mon: Event on Port 3, siginfo 259
[   14.604689] gpio-mon: Event on Port 24, siginfo 24
[   14.604698] gpio-mon: Event on Port 23, siginfo 23
[   14.604715] gpio-mon: Event on Port 29, siginfo 29
[   14.604723] gpio-mon: Event on Port 28, siginfo 28
[   14.604731] gpio-mon: Event on Port 27, siginfo 27
[   14.604739] gpio-mon: Event on Port 41, siginfo 41
[   14.604746] gpio-mon: Event on Port 42, siginfo 42
[   14.604754] gpio-mon: Event on Port 43, siginfo 43
[   14.604762] gpio-mon: Event on Port 38, siginfo 38
[   14.604770] gpio-mon: Event on Port 32, siginfo 32
[   14.604777] gpio-mon: Event on Port 33, siginfo 33
[   14.604785] gpio-mon: Event on Port 34, siginfo 34
[   14.604792] gpio-mon: Event on Port 36, siginfo 36
[   14.604799] gpio-mon: Event on Port 37, siginfo 37
[   14.604817] gpio-mon: Event on Port 30, siginfo 30
[   14.604824] gpio-mon: Event on Port 31, siginfo 31
[   14.604832] gpio-mon: Event on Port 40, siginfo 40
[   14.604840] gpio-mon: Event on Port 22, siginfo 22
[   15.165173] FAT-fs (mmcblk0p1): Volume was not properly unmounted. Some data may be corrupt. Please run fsck.
[   16.962751] cpsw 4a100000.ethernet eth0: Link is Up - 1Gbps/Full - flow control rx/tx
[   16.962888] IPv6: ADDRCONF(NETDEV_CHANGE): eth0: link becomes ready
[   17.703046] cpsw 4a100000.ethernet eth1: Link is Up - 1Gbps/Full - flow control off
[   17.703124] IPv6: ADDRCONF(NETDEV_CHANGE): eth1: link becomes ready


Memory Usage:
             total       used       free     shared    buffers     cached
Mem:       1029340     294748     734592      14760      51936     108960
-/+ buffers/cache:     133852     895488
Swap:            0          0          0


CPU Usage:
Mem: 294736K used, 734604K free, 14760K shrd, 51936K buff, 108960K cached
CPU:  72% usr  27% sys   0% nic   0% idle   0% io   0% irq   0% sirq
Load average: 1.06 1.02 1.32 4/221 14827
  PID  PPID USER     STAT   VSZ %VSZ %CPU COMMAND
 1006     1 root     S     301m  30%  73% python /usr/bin/rackmanager/RackManager.py redfish
  912     1 root     S N  73132   7%   9% /usr/bin/ocstelemetry_daemon
14755 14754 root     R N   5312   1%   9% /usr/bin/ipmitool -I lan -H 172.17.0.53 -U admin -P XXXXX -S /tmp/sdr_data14.sdr sdr type temp
14826 14825 root     R     2716   0%   9% top -b -n 2 -d 2
  957     1 root     S     286m  28%   0% /usr/bin/ocs-itp -t itp
 1010     1 root     S     277m  28%   0% python /usr/bin/rackmanager/RackManager.py legacy
  910     1 root     S N  50880   5%   0% /usr/bin/ocskafka_daemon
 1944  1872 root     S    45108   4%   0% {ocsshell.py} /usr/bin/python /usr/bin/ocscli/ocsshell.py
15169 15047 root     S    42588   4%   0% {ocsshell.py} /usr/bin/python /usr/bin/ocscli/ocsshell.py
14735 14727 root     S    40136   4%   0% {ocsshell.py} /usr/bin/python /usr/bin/ocscli/ocsshell.py -c show manager scandevice
  914     1 root     S N  24688   2%   0% /usr/bin/ocsarchive_daemon
  765     1 root     S    20452   2%   0% /usr/bin/ocs-init
  908     1 root     S N  14688   1%   0% /usr/bin/ocsinventory_daemon
  916     1 root     S N   7080   1%   0% /usr/bin/ocspowerpolicy_daemon -L
  918     1 root     S     5988   1%   0% /usr/bin/ocs-gpio monitor
14759 14758 root     S N   5312   1%   0% /usr/bin/ipmitool -I lan -H 172.17.0.53 -U admin -P XXXXX sdr dump /tmp/sdr_data14.sdr
 1872   829 root     S     4800   0%   0% sshd: root@pts/0
15047   829 root     S     4800   0%   0% sshd: root@pts/1
10697   829 root     S     4800   0%   0% sshd: cturte@pts/2
13365   829 root     S     4800   0%   0% sshd: root@notty
14727   829 root     S     4800   0%   0% sshd: root@notty
 4703   829 root     S     4800   0%   0% sshd: root@notty
 4728  4703 root     S     4800   0%   0% sshd: root@internal-sftp
13371 13365 root     S     4800   0%   0% sshd: root@internal-sftp
  829     1 root     S     4672   0%   0% /usr/sbin/sshd
  766     1 root     S     4444   0%   0% /usr/bin/ocslog-daemon
  893     1 root     S     4160   0%   0% /usr/bin/runtimewatchdog
10773 10697 root     S     2996   0%   0% -bash
  374     1 root     S     2880   0%   0% /sbin/udevd -d
  862     1 root     S     2816   0%   0% /usr/sbin/rpc.mountd -f /etc/exports  -p 9000
  838     1 rpcuser  S     2792   0%   0% /usr/sbin/rpc.statd
14789 14735 root     S     2784   0%   0% {scandevice.sh} /bin/sh /usr/lib/commonapi/controls/scandevice.sh
14825 14789 root     S     2784   0%   0% {scandevice.sh} /bin/sh /usr/lib/commonapi/controls/scandevice.sh
14754   912 root     S N   2760   0%   0% sh -c /usr/bin/ipmitool -I lan -H 172.17.0.53 -U admin -P admin -S /tmp/sdr_data14.sdr sdr type temp 2>/dev/null
14758   912 root     S N   2760   0%   0% sh -c /usr/bin/ipmitool -I lan -H 172.17.0.53 -U admin -P admin sdr dump /tmp/sdr_data14.sdr 2>/dev/null
  742     1 root     S     2716   0%   0% /sbin/syslogd -n -O /home/.ocs/log/syslog -s 20480 -b 2 -l 8
  745     1 root     S     2716   0%   0% /sbin/klogd -n
 1017     1 root     S     2716   0%   0% /sbin/getty -L 115200 ttyS1
 1018     1 root     S     2716   0%   0% /sbin/getty -L 115200 ttyS2
 1019     1 root     S     2716   0%   0% /sbin/getty 38400 tty1
  866     1 root     S     2288   0%   0% /usr/sbin/in.tftpd-hpa -c -v -l -s /usr/srvroot/shared
  833     1 rpc      S     2196   0%   0% /usr/sbin/rpcbind
    1     0 root     S     1704   0%   0% init [5]
14827   912 root     R N   1116   0%   0% sh -c /usr/bin/ipmitool -I lan -H 172.17.0.93 -U admin -P admin -b 6 -t 0x2c raw 0x2e 0x40 0x57 0x1 0x0 0x30 0x5 0x5 0xe1 0x0 0x54 0x31 0x25 2>/dev/null
    7     2 root     SW       0   0%   0% [rcu_preempt]
   66     2 root     SW       0   0%   0% [irq/43-44e0b000]
    3     2 root     SW       0   0%   0% [ksoftirqd/0]
   60     2 root     SW       0   0%   0% [mmcqd/0]
  331     2 root     SW       0   0%   0% [jbd2/mmcblk0p4-]
  719     2 root     SW       0   0%   0% [kworker/0:0]
  424     2 root     SW       0   0%   0% [kworker/u2:2]
17640     2 root     SW       0   0%   0% [kworker/u2:1]
13030     2 root     SW       0   0%   0% [kworker/0:2]
  445     2 root     SW       0   0%   0% [irq/293-remotep]
    2     0 root     SW       0   0%   0% [kthreadd]
  363     2 root     SW       0   0%   0% [jbd2/mmcblk0p3-]
   10     2 root     SW       0   0%   0% [kdevtmpfs]
  328     2 root     SW<      0   0%   0% [kworker/0:1H]
10057     2 root     SW       0   0%   0% [kworker/0:1]
    5     2 root     SW<      0   0%   0% [kworker/0:0H]
    8     2 root     SW       0   0%   0% [rcu_sched]
    9     2 root     SW       0   0%   0% [rcu_bh]
   11     2 root     SW<      0   0%   0% [netns]
   12     2 root     SW<      0   0%   0% [perf]
   14     2 root     SW<      0   0%   0% [writeback]
   15     2 root     SW<      0   0%   0% [crypto]
   16     2 root     SW<      0   0%   0% [bioset]
   17     2 root     SW<      0   0%   0% [kblockd]
   18     2 root     SW<      0   0%   0% [edac-poller]
   19     2 root     SW<      0   0%   0% [rpciod]
   24     2 root     SW       0   0%   0% [kswapd0]
   25     2 root     SW       0   0%   0% [fsnotify_mark]
   26     2 root     SW<      0   0%   0% [nfsiod]
   37     2 root     SW<      0   0%   0% [bioset]
   38     2 root     SW<      0   0%   0% [bioset]
   39     2 root     SW<      0   0%   0% [bioset]
   40     2 root     SW<      0   0%   0% [bioset]
   41     2 root     SW<      0   0%   0% [bioset]
   42     2 root     SW<      0   0%   0% [bioset]
   43     2 root     SW<      0   0%   0% [bioset]
   44     2 root     SW<      0   0%   0% [bioset]
   45     2 root     SW       0   0%   0% [spi32766]
   46     2 root     SW<      0   0%   0% [bioset]
   47     2 root     SW<      0   0%   0% [bioset]
   48     2 root     SW<      0   0%   0% [bioset]
   49     2 root     SW<      0   0%   0% [bioset]
   50     2 root     SW<      0   0%   0% [bioset]
   51     2 root     SW<      0   0%   0% [bioset]
   55     2 root     SW<      0   0%   0% [kpsmoused]
   56     2 root     SW<      0   0%   0% [dm_bufio_cache]
   57     2 root     SW       0   0%   0% [irq/50-TI-am335]
   58     2 root     SW<      0   0%   0% [ipv6_addrconf]
   59     2 root     SW<      0   0%   0% [bioset]
   61     2 root     SW<      0   0%   0% [bioset]
   62     2 root     SW       0   0%   0% [mmcqd/0boot0]
   63     2 root     SW<      0   0%   0% [bioset]
   64     2 root     SW       0   0%   0% [mmcqd/0boot1]
   65     2 root     SW<      0   0%   0% [deferwq]
   67     2 root     SW       0   0%   0% [irq/283-tps6521]
   68     2 root     SW       0   0%   0% [irq/44-4802a000]
  313     2 root     SW<      0   0%   0% [kdmflush]
  314     2 root     SW<      0   0%   0% [bioset]
  315     2 root     SW<      0   0%   0% [kverityd]
  316     2 root     SW<      0   0%   0% [bioset]
  332     2 root     SW<      0   0%   0% [ext4-rsv-conver]
  364     2 root     SW<      0   0%   0% [ext4-rsv-conver]
  850     2 root     SW<      0   0%   0% [nfsd4_callbacks]
  851     2 root     SW       0   0%   0% [lockd]
  853     2 root     SW       0   0%   0% [nfsd]
  854     2 root     SW       0   0%   0% [nfsd]
  855     2 root     SW       0   0%   0% [nfsd]
  856     2 root     SW       0   0%   0% [nfsd]
  857     2 root     SW       0   0%   0% [nfsd]
  858     2 root     SW       0   0%   0% [nfsd]
  859     2 root     SW       0   0%   0% [nfsd]
  860     2 root     SW       0   0%   0% [nfsd]
Mem: 293328K used, 736012K free, 14768K shrd, 51936K buff, 108972K cached
CPU:  39% usr  22% sys  14% nic  21% idle   0% io   0% irq   2% sirq
Load average: 1.13 1.03 1.32 4/222 14869
  PID  PPID USER     STAT   VSZ %VSZ %CPU COMMAND
 1006     1 root     S     299m  30%  38% python /usr/bin/rackmanager/RackManager.py redfish
  912     1 root     S N  73132   7%   8% /usr/bin/ocstelemetry_daemon
14759 14758 root     R N   5312   1%   1% /usr/bin/ipmitool -I lan -H 172.17.0.53 -U admin -P XXXXX sdr dump /tmp/sdr_data14.sdr
  766     1 root     S     4444   0%   1% /usr/bin/ocslog-daemon
14826 14825 root     R     2952   0%   1% top -b -n 2 -d 2
13030     2 root     SW       0   0%   1% [kworker/0:2]
  957     1 root     S     286m  28%   0% /usr/bin/ocs-itp -t itp
 1010     1 root     S     277m  28%   0% python /usr/bin/rackmanager/RackManager.py legacy
  910     1 root     S N  50880   5%   0% /usr/bin/ocskafka_daemon
 1944  1872 root     S    45108   4%   0% {ocsshell.py} /usr/bin/python /usr/bin/ocscli/ocsshell.py
15169 15047 root     S    42588   4%   0% {ocsshell.py} /usr/bin/python /usr/bin/ocscli/ocsshell.py
14735 14727 root     S    40136   4%   0% {ocsshell.py} /usr/bin/python /usr/bin/ocscli/ocsshell.py -c show manager scandevice
  914     1 root     S N  24688   2%   0% /usr/bin/ocsarchive_daemon
  765     1 root     S    20452   2%   0% /usr/bin/ocs-init
  908     1 root     S N  14688   1%   0% /usr/bin/ocsinventory_daemon
  916     1 root     S N   7080   1%   0% /usr/bin/ocspowerpolicy_daemon -L
  918     1 root     S     5988   1%   0% /usr/bin/ocs-gpio monitor
14867 14866 root     S N   5312   1%   0% /usr/bin/ipmitool -I lan -H 172.17.0.93 -U admin -P XXXXX -b 6 -t 0x2c raw 0x2e 0x40 0x57 0x1 0x0 0x30 0x5 0x5 0xe1 0x0 0x5C 0x31 0x25
14869 14868 root     R N   5312   1%   0% /usr/bin/ipmitool -I lan -H 172.17.0.81 -U admin -P XXXXX -S /tmp/sdr_data21.sdr sdr type temp
 1872   829 root     S     4800   0%   0% sshd: root@pts/0
15047   829 root     S     4800   0%   0% sshd: root@pts/1
10697   829 root     S     4800   0%   0% sshd: cturte@pts/2
13365   829 root     S     4800   0%   0% sshd: root@notty
14727   829 root     S     4800   0%   0% sshd: root@notty
 4703   829 root     S     4800   0%   0% sshd: root@notty
 4728  4703 root     S     4800   0%   0% sshd: root@internal-sftp
13371 13365 root     S     4800   0%   0% sshd: root@internal-sftp
  829     1 root     S     4672   0%   0% /usr/sbin/sshd
  893     1 root     S     4160   0%   0% /usr/bin/runtimewatchdog
10773 10697 root     S     2996   0%   0% -bash
  374     1 root     S     2880   0%   0% /sbin/udevd -d
  862     1 root     S     2816   0%   0% /usr/sbin/rpc.mountd -f /etc/exports  -p 9000
  838     1 rpcuser  S     2792   0%   0% /usr/sbin/rpc.statd
14789 14735 root     S     2784   0%   0% {scandevice.sh} /bin/sh /usr/lib/commonapi/controls/scandevice.sh
14825 14789 root     S     2784   0%   0% {scandevice.sh} /bin/sh /usr/lib/commonapi/controls/scandevice.sh
14758   912 root     S N   2760   0%   0% [sh]
14866   912 root     S N   2760   0%   0% sh -c /usr/bin/ipmitool -I lan -H 172.17.0.93 -U admin -P admin -b 6 -t 0x2c raw 0x2e 0x40 0x57 0x1 0x0 0x30 0x5 0x5 0xe1 0x0 0x5C 0x31 0x25 2>/dev/null
14868   912 root     S N   2760   0%   0% sh -c /usr/bin/ipmitool -I lan -H 172.17.0.81 -U admin -P admin -S /tmp/sdr_data21.sdr sdr type temp 2>/dev/null
  742     1 root     S     2716   0%   0% /sbin/syslogd -n -O /home/.ocs/log/syslog -s 20480 -b 2 -l 8
  745     1 root     S     2716   0%   0% /sbin/klogd -n
 1017     1 root     S     2716   0%   0% /sbin/getty -L 115200 ttyS1
 1018     1 root     S     2716   0%   0% /sbin/getty -L 115200 ttyS2
